--------- beginning of main
02-05 11:49:30.464  5044  5234 I NetEasePushService_ServiceManager: startService() --> Create a new service.
02-05 11:49:30.479  5044  5234 D NetEasePushService_ServiceManager: startService()...
02-05 11:49:30.479  5044  5234 D NetEasePushService_ServiceManager: hasService()...
02-05 11:49:30.479  5044  5234 D NetEasePushService_Utils: getServiceVersion()...
02-05 11:49:30.487  5044  5234 D NetEasePushService_ServiceManager: try to start new service
02-05 11:49:30.487  5044  5234 D NetEasePushService_ServiceManager: start service directly
02-05 11:49:30.487  5044  5234 D NetEasePushService_ServiceManager: addBindServiceListener()...
02-05 11:49:30.487  5044  5234 D NetEasePushService_ServiceManager: addEventHandler()...
02-05 11:49:30.487  5044  5234 D NetEasePushService_ServiceManager: generateReceiver()...
02-05 11:49:30.487  5044  5234 D NetEasePushService_ServiceManager: registerReceiver()...
02-05 11:49:30.498  5044  5339 D NetEasePushService_ServiceManager: startService() --> Start a push message service.
--------- beginning of system
02-05 11:49:30.516  5115 13014 I ActivityManager: Start proc 5340:com.netease.pushservice.core.NetEasePushMessageService_V1/u0a149 for service com.youdao.dict/com.netease.pushservice.core.NetEasePushMessageService_V1
02-05 11:49:30.522  5044  5234 I NetEasePushService_ServiceManager: startService() --> Create a new service.
02-05 11:49:30.535  5078  5078 W System.err: Warning: Using deprecated Element constructor. Do not use internal APIs, this constructor will be removed in the future.
02-05 11:49:30.536  5078  5078 W zygote  : Opening an oat file without a class loader. Are you using the deprecated DexFile APIs?
02-05 11:49:30.542  5143  5143 W zygote  : Opening an oat file without a class loader. Are you using the deprecated DexFile APIs?
02-05 11:49:30.553  5340  5340 W zygote  : ClassLoaderContext size mismatch. expected=1, actual=2 (PCL[] | PCL[];PCL[/data/dalvik-cache/xposed_XResourcesSuperClass.dex*2802528989:/data/dalvik-cache/xposed_XTypedArraySuperClass.dex*708326108])
02-05 11:49:30.594  5044  5351 D NetEasePushService_ServiceManager: startService() --> Start a push message service.
02-05 11:49:30.686  5078  5078 W System.err: Warning: Using deprecated Element constructor. Do not use internal APIs, this constructor will be removed in the future.
02-05 11:49:30.687  5078  5078 W zygote  : Opening an oat file without a class loader. Are you using the deprecated DexFile APIs?
02-05 11:49:30.691  5143  5143 W System.err: Warning: Using deprecated Element constructor. Do not use internal APIs, this constructor will be removed in the future.
02-05 11:49:30.692  5143  5143 W zygote  : Opening an oat file without a class loader. Are you using the deprecated DexFile APIs?
02-05 11:49:30.720  5115  9675 I ActivityManager: Start proc 5353:com.youdao.dict:yddictclip/u0a149 for service com.youdao.dict/.backend.ClipboardWatcher
02-05 11:49:30.721  5353  5353 W main    : type=1400 audit(0.0:54744): avc: denied { read } for name="u:object_r:qcom_ims_prop:s0" dev="tmpfs" ino=1160 scontext=u:r:untrusted_app_25:s0:c512,c768 tcontext=u:object_r:qcom_ims_prop:s0 tclass=file permissive=0
02-05 11:49:30.721  5353  5353 W main    : type=1400 audit(0.0:54745): avc: denied { read } for name="u:object_r:contexthub_prop:s0" dev="tmpfs" ino=1161 scontext=u:r:untrusted_app_25:s0:c512,c768 tcontext=u:object_r:contexthub_prop:s0 tclass=file permissive=0
02-05 11:49:30.721  5353  5353 W main    : type=1400 audit(0.0:54746): avc: denied { read } for name="u:object_r:radio_atfwd_prop:s0" dev="tmpfs" ino=1162 scontext=u:r:untrusted_app_25:s0:c512,c768 tcontext=u:object_r:radio_atfwd_prop:s0 tclass=file permissive=0
02-05 11:49:30.721  5353  5353 W main    : type=1400 audit(0.0:54747): avc: denied { read } for name="u:object_r:wifi_prop:s0" dev="tmpfs" ino=1163 scontext=u:r:untrusted_app_25:s0:c512,c768 tcontext=u:object_r:wifi_prop:s0 tclass=file permissive=0
02-05 11:49:30.721  5353  5353 W main    : type=1400 audit(0.0:54748): avc: denied { read } for name="u:object_r:firstboot_prop:s0" dev="tmpfs" ino=1171 scontext=u:r:untrusted_app_25:s0:c512,c768 tcontext=u:object_r:firstboot_prop:s0 tclass=file permissive=0
02-05 11:49:30.721  5353  5353 W main    : type=1400 audit(0.0:54749): avc: denied { read } for name="u:object_r:persistent_properties_ready_prop:s0" dev="tmpfs" ino=1172 scontext=u:r:untrusted_app_25:s0:c512,c768 tcontext=u:object_r:persistent_properties_ready_prop:s0 tclass=file permissive=0
02-05 11:49:30.721  5353  5353 W main    : type=1400 audit(0.0:54750): avc: denied { read } for name="u:object_r:boottime_prop:s0" dev="tmpfs" ino=1175 scontext=u:r:untrusted_app_25:s0:c512,c768 tcontext=u:object_r:boottime_prop:s0 tclass=file permissive=0
02-05 11:49:30.721  5353  5353 W main    : type=1400 audit(0.0:54751): avc: denied { read } for name="u:object_r:serialno_prop:s0" dev="tmpfs" ino=1176 scontext=u:r:untrusted_app_25:s0:c512,c768 tcontext=u:object_r:serialno_prop:s0 tclass=file permissive=0
02-05 11:49:30.721  5353  5353 W main    : type=1400 audit(0.0:54752): avc: denied { read } for name="u:object_r:overlay_prop:s0" dev="tmpfs" ino=1177 scontext=u:r:untrusted_app_25:s0:c512,c768 tcontext=u:object_r:overlay_prop:s0 tclass=file permissive=0
02-05 11:49:30.721  5353  5353 W main    : type=1400 audit(0.0:54753): avc: denied { read } for name="u:object_r:safemode_prop:s0" dev="tmpfs" ino=1178 scontext=u:r:untrusted_app_25:s0:c512,c768 tcontext=u:object_r:safemode_prop:s0 tclass=file permissive=0
02-05 11:49:30.721  5353  5353 W main    : type=1400 audit(0.0:54754): avc: denied { read } for name="u:object_r:netd_stable_secret_prop:s0" dev="tmpfs" ino=1179 scontext=u:r:untrusted_app_25:s0:c512,c768 tcontext=u:object_r:netd_stable_secret_prop:s0 tclass=file permissive=0
02-05 11:49:30.721  5353  5353 W main    : type=1400 audit(0.0:54755): avc: denied { read } for name="u:object_r:mmc_prop:s0" dev="tmpfs" ino=1180 scontext=u:r:untrusted_app_25:s0:c512,c768 tcontext=u:object_r:mmc_prop:s0 tclass=file permissive=0
02-05 11:49:30.721  5353  5353 W main    : type=1400 audit(0.0:54756): avc: denied { read } for name="u:object_r:device_logging_prop:s0" dev="tmpfs" ino=1182 scontext=u:r:untrusted_app_25:s0:c512,c768 tcontext=u:object_r:device_logging_prop:s0 tclass=file permissive=0
02-05 11:49:30.721  5353  5353 W main    : type=1400 audit(0.0:54757): avc: denied { read } for name="u:object_r:logpersistd_logging_prop:s0" dev="tmpfs" ino=1191 scontext=u:r:untrusted_app_25:s0:c512,c768 tcontext=u:object_r:logpersistd_logging_prop:s0 tclass=file permissive=0
02-05 11:49:30.721  5353  5353 W main    : type=1400 audit(0.0:54758): avc: denied { read } for name="u:object_r:dumpstate_options_prop:s0" dev="tmpfs" ino=1195 scontext=u:r:untrusted_app_25:s0:c512,c768 tcontext=u:object_r:dumpstate_options_prop:s0 tclass=file permissive=0
02-05 11:49:30.721  5353  5353 W main    : type=1400 audit(0.0:54759): avc: denied { read } for name="u:object_r:bluetooth_prop:s0" dev="tmpfs" ino=1203 scontext=u:r:untrusted_app_25:s0:c512,c768 tcontext=u:object_r:bluetooth_prop:s0 tclass=file permissive=0
02-05 11:49:30.752  5229  5229 W zygote  : Opening an oat file without a class loader. Are you using the deprecated DexFile APIs?
02-05 11:49:30.765  5353  5353 W zygote  : ClassLoaderContext size mismatch. expected=1, actual=2 (PCL[] | PCL[];PCL[/data/dalvik-cache/xposed_XResourcesSuperClass.dex*2802528989:/data/dalvik-cache/xposed_XTypedArraySuperClass.dex*708326108])
02-05 11:49:30.812  5044  5044 I SyncService: Service destroyed
02-05 11:49:30.819  5078  5078 W System.err: Warning: Using deprecated Element constructor. Do not use internal APIs, this constructor will be removed in the future.
02-05 11:49:30.820  5078  5078 W zygote  : Opening an oat file without a class loader. Are you using the deprecated DexFile APIs?
02-05 11:49:30.824  5143  5143 W System.err: Warning: Using deprecated Element constructor. Do not use internal APIs, this constructor will be removed in the future.
02-05 11:49:30.825  5143  5143 W zygote  : Opening an oat file without a class loader. Are you using the deprecated DexFile APIs?
02-05 11:49:30.867  5044  5062 D vip     : [UserTask #1] vipString = {"reason":"user not login","errorCode":2100,"success":false}
02-05 11:49:30.906  5229  5229 W System.err: Warning: Using deprecated Element constructor. Do not use internal APIs, this constructor will be removed in the future.
02-05 11:49:30.907  5229  5229 W zygote  : Opening an oat file without a class loader. Are you using the deprecated DexFile APIs?
02-05 11:49:30.954  5078  5078 W System.err: Warning: Using deprecated Element constructor. Do not use internal APIs, this constructor will be removed in the future.
02-05 11:49:30.958  5143  5143 W System.err: Warning: Using deprecated Element constructor. Do not use internal APIs, this constructor will be removed in the future.
02-05 11:49:30.959  5143  5143 W zygote  : Opening an oat file without a class loader. Are you using the deprecated DexFile APIs?
02-05 11:49:30.985  5044  5062 W zygote  : Verification of void org.greenrobot.eventbus.EventBus.<init>(org.greenrobot.eventbus.EventBusBuilder) took 116.704ms
02-05 11:49:31.021  5229  5229 W System.err: Warning: Using deprecated Element constructor. Do not use internal APIs, this constructor will be removed in the future.
02-05 11:49:31.023  5229  5229 W zygote  : Opening an oat file without a class loader. Are you using the deprecated DexFile APIs?
02-05 11:49:31.027  5115  1714 D ConnectivityService: ConnectivityService NetworkRequestInfo binderDied(NetworkRequest [ LISTEN id=655, [ Capabilities: INTERNET&NOT_RESTRICTED&TRUSTED] ], android.os.BinderProxy@c9e1d4b)
02-05 11:49:31.027  5115  1713 I ActivityManager: Process com.android.vending (pid 30005) has died: cch+6CEM 
02-05 11:49:31.028  5115  6362 W zygote64: kill(-30005, 9) failed: No such process
02-05 11:49:31.033  5115  6331 I ActivityManager: Process system:ui (pid 470) has died: cch+6CEM 
02-05 11:49:31.037  5115  6393 W ActivityManager: setHasOverlayUi called on unknown pid: 470
02-05 11:49:31.044  5078  5078 E loadDex : [main] process：com.youdao.dict:nim
02-05 11:49:31.047  5078  5078 I MultiDex: VM with version 2.1.0 has multidex support
02-05 11:49:31.047  5078  5078 I MultiDex: install
02-05 11:49:31.047  5078  5078 I MultiDex: VM has multidex support, MultiDex support library is disabled.
02-05 11:49:31.049  5078  5078 D loadDex : [main] application oncreate
02-05 11:49:31.072  5115  6362 W zygote64: kill(-30005, 9) failed: No such process
02-05 11:49:31.072  5115  6362 I zygote64: Successfully killed process cgroup uid 10034 pid 30005 in 44ms
02-05 11:49:31.073  5115  6362 W zygote64: kill(-470, 9) failed: No such process
02-05 11:49:31.073  5115  6362 I zygote64: Successfully killed process cgroup uid 1000 pid 470 in 0ms
02-05 11:49:31.075  5115 28600 I WifiService: getConnectionInfo uid=10149
02-05 11:49:31.086  5143  5143 W System.err: Warning: Using deprecated Element constructor. Do not use internal APIs, this constructor will be removed in the future.
02-05 11:49:31.144  5229  5229 W System.err: Warning: Using deprecated Element constructor. Do not use internal APIs, this constructor will be removed in the future.
02-05 11:49:31.145  5229  5229 W zygote  : Opening an oat file without a class loader. Are you using the deprecated DexFile APIs?
02-05 11:49:31.147  5115  1717 I WifiService: getConnectionInfo uid=10149
02-05 11:49:31.151  5115  9673 I GnssLocationProvider: WakeLock acquired by sendMessage(SET_REQUEST, 0, com.android.server.location.GnssLocationProvider$GpsRequest@dcb3841)
02-05 11:49:31.151  5115  6357 I GnssLocationProvider: WakeLock released by handleMessage(SET_REQUEST, 0, com.android.server.location.GnssLocationProvider$GpsRequest@dcb3841)
02-05 11:49:31.156  5143  5143 E loadDex : [main] process：com.youdao.dict:resource
02-05 11:49:31.159  5143  5143 I MultiDex: VM with version 2.1.0 has multidex support
02-05 11:49:31.159  5143  5143 I MultiDex: install
02-05 11:49:31.159  5143  5143 I MultiDex: VM has multidex support, MultiDex support library is disabled.
02-05 11:49:31.160  3848  3894 E QC-QMI  : linux_qmi_qmux_io_wake_lock: Err in writing wakelock=qmuxd_port_wl_0, error [1:Operation not permitted]
02-05 11:49:31.160  3848  3894 E QC-QMI  : linux_qmi_qmux_io_wake_unlock: Err in writing wakelock=qmuxd_port_wl_0, error [1:Operation not permitted]
02-05 11:49:31.161  5143  5143 D loadDex : [main] application oncreate
02-05 11:49:31.177  5044  5062 W zygote  : Verification of void org.greenrobot.eventbus.EventBus.cancelEventDelivery(java.lang.Object) took 101.789ms
02-05 11:49:31.177  5115  1714 I ActivityManager: Process com.google.android.gms.unstable (pid 2814) has died: cch+6CEM 
02-05 11:49:31.177  5115  6362 W zygote64: kill(-2814, 9) failed: No such process
02-05 11:49:31.177  5115  6362 I zygote64: Successfully killed process cgroup uid 10018 pid 2814 in 0ms
02-05 11:49:31.180  5115 16439 I WifiService: getConnectionInfo uid=10149
02-05 11:49:31.196 19328 19328 I GeofencerStateMachine: sendNewLocationAvailability: availability=LocationAvailability[isLocationAvailable: true]
02-05 11:49:31.230  5115 28600 I ActivityManager: Process com.google.android.partnersetup (pid 2102) has died: cch+6CEM 
02-05 11:49:31.230  5115  6362 W zygote64: kill(-2102, 9) failed: No such process
02-05 11:49:31.230  5115  6362 I zygote64: Successfully killed process cgroup uid 10026 pid 2102 in 0ms
02-05 11:49:31.254  5115 26810 I WifiService: getConnectionInfo uid=10149
02-05 11:49:31.256  5115 26811 I ActivityManager: Process com.google.process.gapps (pid 2859) has died: cch+6CEM 
02-05 11:49:31.257  5115  6362 W zygote64: kill(-2859, 9) failed: No such process
02-05 11:49:31.257  5115  6362 I zygote64: Successfully killed process cgroup uid 10018 pid 2859 in 0ms
02-05 11:49:31.265  1568  2723 I cr_BindingManager: onTrimMemory: level=5, size=0
02-05 11:49:31.270  5115  6841 V GnssLocationProvider: Converting IPv4 address byte array (net_order) 0
02-05 11:49:31.270  5115  6841 D GnssLocationProvider: AGPS IP is v4: 0.0.0.0
02-05 11:49:31.270  5115  6841 V GnssLocationProvider: Passing AGPS IP addr: size 4
02-05 11:49:31.270  5115  6841 V GnssLocationProvider: Received SUPL IP addr[]: [0, 0, 0, 0]
02-05 11:49:31.271  5115  6841 I GnssLocationProvider: WakeLock acquired by sendMessage(REQUEST_SUPL_CONNECTION, 0, /0.0.0.0)
02-05 11:49:31.287  5229  5229 W System.err: Warning: Using deprecated Element constructor. Do not use internal APIs, this constructor will be removed in the future.
02-05 11:49:31.288  5115  6329 I WifiService: getConnectionInfo uid=10149
02-05 11:49:31.288  2199  2199 V Xlog    : {"logType":"enter","time":"1549396171287","processName":"dev.dworks.apps.anexplorer","threadName":"main(267327357)","pid":"2199","methodType":"instance_method_type","methodSign":"void dev.dworks.apps.anexplorer.DocumentsApplication.onTrimMemory(int)","instance":{"class":"dev.dworks.apps.anexplorer.DocumentsApplication","hashcode":"140021568"},"params":[]}
02-05 11:49:31.291 23495 23495 I MemoryTrimmer: Trimming objects from memory, since app is in the background.
02-05 11:49:31.292  5115 23589 I GnssLocationProvider: WakeLock acquired by sendMessage(SET_REQUEST, 0, com.android.server.location.GnssLocationProvider$GpsRequest@cbfa9d4)
02-05 11:49:31.297  2199  2199 V Xlog    : {"logType":"enter","time":"1549396171297","processName":"dev.dworks.apps.anexplorer","threadName":"main(267327357)","pid":"2199","methodType":"instance_method_type","methodSign":"void dev.dworks.apps.anexplorer.misc.ThumbnailCache.onTrimMemory(int)","instance":{"class":"dev.dworks.apps.anexplorer.misc.ThumbnailCache","hashcode":"30665927"},"params":[]}
02-05 11:49:31.309  2199  2199 V Xlog    : {"logType":"exit","time":"1549396171297","processName":"dev.dworks.apps.anexplorer","threadName":"main(267327357)","pid":"2199","methodType":"instance_method_type","methodSign":"void dev.dworks.apps.anexplorer.misc.ThumbnailCache.onTrimMemory(int)","instance":{"class":"dev.dworks.apps.anexplorer.misc.ThumbnailCache","hashcode":"30665927"}}
02-05 11:49:31.312 23495  4119 V rsC++   : RS Message thread exiting.
02-05 11:49:31.312  2199  2199 V Xlog    : {"logType":"exit","time":"1549396171309","processName":"dev.dworks.apps.anexplorer","threadName":"main(267327357)","pid":"2199","methodType":"instance_method_type","methodSign":"void dev.dworks.apps.anexplorer.DocumentsApplication.onTrimMemory(int)","instance":{"class":"dev.dworks.apps.anexplorer.DocumentsApplication","hashcode":"140021568"}}
02-05 11:49:31.345 19328 19328 I GeofencerStateMachine: sendNewLocationAvailability: availability=LocationAvailability[isLocationAvailable: true]
02-05 11:49:31.386  5229  5229 E loadDex : [main] process：com.youdao.dict:yddictreview
02-05 11:49:31.390  5229  5229 I MultiDex: VM with version 2.1.0 has multidex support
02-05 11:49:31.390  5229  5229 I MultiDex: install
02-05 11:49:31.390  5229  5229 I MultiDex: VM has multidex support, MultiDex support library is disabled.
02-05 11:49:31.392  5229  5229 D loadDex : [main] application oncreate
02-05 11:49:31.401  5044  5044 W zygote  : Verification of void com.bumptech.glide.Glide.<init>(com.bumptech.glide.load.engine.Engine, com.bumptech.glide.load.engine.cache.MemoryCache, com.bumptech.glide.load.engine.bitmap_recycle.BitmapPool, android.content.Context, com.bumptech.glide.load.DecodeFormat) took 133.283ms
02-05 11:49:31.413  5115  6923 I ActivityManager: Process com.google.process.gservices (pid 22015) has died: cch+6CEM 
02-05 11:49:31.413  5115  6362 W zygote64: kill(-22015, 9) failed: No such process
02-05 11:49:31.413  5115  6362 I zygote64: Successfully killed process cgroup uid 10018 pid 22015 in 0ms
02-05 11:49:31.427  5115 23589 I WifiService: getConnectionInfo uid=10149
02-05 11:49:31.427  5115  7955 I WifiService: getConnectionInfo uid=10149
02-05 11:49:31.433  5044  5062 W zygote  : Verification of void org.greenrobot.eventbus.HandlerPoster.handleMessage(android.os.Message) took 208.181ms
02-05 11:49:31.433  5115  5124 I zygote64: Background concurrent copying GC freed 80649(5MB) AllocSpace objects, 47(4MB) LOS objects, 42% free, 26MB/46MB, paused 236us total 236.111ms
02-05 11:49:31.471  5115  6971 I ActivityManager: Process com.tencent.mm:push (pid 4958) has died: cch+6CEM 
02-05 11:49:31.471  5115  6362 W zygote64: kill(-4958, 9) failed: No such process
02-05 11:49:31.471  5115  6362 I zygote64: Successfully killed process cgroup uid 10106 pid 4958 in 0ms
02-05 11:49:31.481  5078  5078 I HMSAgent: DictApplication(512)->HMSAgent(172)->HMSAgent(213)->init
02-05 11:49:31.481  5078  5078 I HMSAgent: init HMSAgent 020601302 with hmssdkver 20601301
02-05 11:49:31.482  5115  7955 I WifiService: getConnectionInfo uid=10149
02-05 11:49:31.483  5078  5078 D HMSAgent: HMSAgent(172)->HMSAgent(216)->ActivityMgr(59)->init
02-05 11:49:31.483  5078  5078 D HMSAgent: init
02-05 11:49:31.484  5115  9673 I WifiService: getConnectionInfo uid=10149
02-05 11:49:31.490  5078  5078 D HMSAgent: HMSAgent(172)->HMSAgent(219)->ApiClientMgr(188)->init
02-05 11:49:31.490  5078  5078 D HMSAgent: init
02-05 11:49:31.491  5078  5078 D HMSAgent: HMSAgent(219)->ApiClientMgr(197)->ActivityMgr(99)->unRegisterActivitResumeEvent
02-05 11:49:31.491  5078  5078 D HMSAgent: unRegisterOnResume:com.huawei.android.hms.agent.common.ApiClientMgr@36b5724
02-05 11:49:31.491  5078  5078 D HMSAgent: HMSAgent(219)->ApiClientMgr(198)->ActivityMgr(90)->registerActivitResumeEvent
02-05 11:49:31.491  5078  5078 D HMSAgent: registerOnResume:com.huawei.android.hms.agent.common.ApiClientMgr@36b5724
02-05 11:49:31.491  5078  5078 D HMSAgent: HMSAgent(219)->ApiClientMgr(201)->ActivityMgr(117)->unRegisterActivitPauseEvent
02-05 11:49:31.491  5078  5078 D HMSAgent: unRegisterOnPause:com.huawei.android.hms.agent.common.ApiClientMgr@36b5724
02-05 11:49:31.491  5078  5078 D HMSAgent: HMSAgent(219)->ApiClientMgr(202)->ActivityMgr(108)->registerActivitPauseEvent
02-05 11:49:31.491  5078  5078 D HMSAgent: registerOnPause:com.huawei.android.hms.agent.common.ApiClientMgr@36b5724
02-05 11:49:31.492  5078  5078 D HMSAgent: HMSAgent(219)->ApiClientMgr(205)->ActivityMgr(135)->unRegisterActivitDestroyedEvent
02-05 11:49:31.492  5078  5078 D HMSAgent: unRegisterOnDestroyed:com.huawei.android.hms.agent.common.ApiClientMgr@36b5724
02-05 11:49:31.492  5078  5078 D HMSAgent: HMSAgent(219)->ApiClientMgr(206)->ActivityMgr(126)->registerActivitDestroyedEvent
02-05 11:49:31.492  5078  5078 D HMSAgent: registerOnDestroyed:com.huawei.android.hms.agent.common.ApiClientMgr@36b5724
02-05 11:49:31.496  5078  5078 I NimExternalStorage: use public storage, path=null
02-05 11:49:31.510  5078  5400 D [push]AppDir: 2/DATA /data/user/0/com.youdao.dict/4e1c7ffc36c4f39ceb43507974e4fa8a
02-05 11:49:31.510  5078  5400 D [push]AppDir: 2/CACHE /data/user/0/com.youdao.dict/cache/4e1c7ffc36c4f39ceb43507974e4fa8a
02-05 11:49:31.510  5078  5400 I [push]core: 2/********** SDK Push Process Start **** sessionId:96fbfeca-3fa2-4f3b-82b6-20f42df25a69 **** reduced IM:false **** from:NimService ************
02-05 11:49:31.514  5078  5400 I Log     : 3352/shrink log success
02-05 11:49:31.516  5078  5400 I [push]core: 2/fetch LBS on SDK init...
02-05 11:49:31.524  5115 26811 I WifiService: getConnectionInfo uid=10149
02-05 11:49:31.524  5115  6331 I GnssLocationProvider: WakeLock acquired by sendMessage(SET_REQUEST, 0, com.android.server.location.GnssLocationProvider$GpsRequest@97257be)
02-05 11:49:31.542  5078  5400 I [push]LBS: 2/load cached LBS link address, links count=1, def links count=1
02-05 11:49:31.543  5078  5400 I [push]LBS: 2/load cached nosdl address, links count=1
02-05 11:49:31.544  5078  5400 I [push]LBS: 3353/get server address from LBS on background
02-05 11:49:31.544  5078  5400 D [push]LBS: 3353/LBS http get, url=https://lbs.netease.im/lbs/conf.jsp?tp=1&sv=51&pv=1&k=4e1c7ffc36c4f39ceb43507974e4fa8a
02-05 11:49:31.547  5078  5403 D NetworkSecurityConfig: No Network Security Config specified, using platform default
02-05 11:49:31.554  5044  5062 W zygote  : Verification of void org.greenrobot.eventbus.SubscriberMethodFinder.findUsingReflectionInSingleClass(org.greenrobot.eventbus.SubscriberMethodFinder$FindState) took 102.946ms
02-05 11:49:31.557 19328 19328 I GeofencerStateMachine: sendNewLocationAvailability: availability=LocationAvailability[isLocationAvailable: true]
02-05 11:49:31.567  5115  9482 I WifiService: getConnectionInfo uid=10149
02-05 11:49:31.568  5143  5143 I HMSAgent: DictApplication(512)->HMSAgent(172)->HMSAgent(213)->init
02-05 11:49:31.568  5143  5143 I HMSAgent: init HMSAgent 020601302 with hmssdkver 20601301
02-05 11:49:31.568  5115 26810 I WifiService: getConnectionInfo uid=10149
02-05 11:49:31.570  5143  5143 D HMSAgent: HMSAgent(172)->HMSAgent(216)->ActivityMgr(59)->init
02-05 11:49:31.570  5143  5143 D HMSAgent: init
02-05 11:49:31.577  5143  5143 D HMSAgent: HMSAgent(172)->HMSAgent(219)->ApiClientMgr(188)->init
02-05 11:49:31.577  5143  5143 D HMSAgent: init
02-05 11:49:31.577  5143  5143 D HMSAgent: HMSAgent(219)->ApiClientMgr(197)->ActivityMgr(99)->unRegisterActivitResumeEvent
02-05 11:49:31.577  5143  5143 D HMSAgent: unRegisterOnResume:com.huawei.android.hms.agent.common.ApiClientMgr@d817c16
02-05 11:49:31.577  5143  5143 D HMSAgent: HMSAgent(219)->ApiClientMgr(198)->ActivityMgr(90)->registerActivitResumeEvent
02-05 11:49:31.577  5143  5143 D HMSAgent: registerOnResume:com.huawei.android.hms.agent.common.ApiClientMgr@d817c16
02-05 11:49:31.577  5143  5143 D HMSAgent: HMSAgent(219)->ApiClientMgr(201)->ActivityMgr(117)->unRegisterActivitPauseEvent
02-05 11:49:31.577  5143  5143 D HMSAgent: unRegisterOnPause:com.huawei.android.hms.agent.common.ApiClientMgr@d817c16
02-05 11:49:31.578  5143  5143 D HMSAgent: HMSAgent(219)->ApiClientMgr(202)->ActivityMgr(108)->registerActivitPauseEvent
02-05 11:49:31.578  5143  5143 D HMSAgent: registerOnPause:com.huawei.android.hms.agent.common.ApiClientMgr@d817c16
02-05 11:49:31.579  5143  5143 D HMSAgent: HMSAgent(219)->ApiClientMgr(205)->ActivityMgr(135)->unRegisterActivitDestroyedEvent
02-05 11:49:31.579  5143  5143 D HMSAgent: unRegisterOnDestroyed:com.huawei.android.hms.agent.common.ApiClientMgr@d817c16
02-05 11:49:31.580  5143  5143 D HMSAgent: HMSAgent(219)->ApiClientMgr(206)->ActivityMgr(126)->registerActivitDestroyedEvent
02-05 11:49:31.580  5143  5143 D HMSAgent: registerOnDestroyed:com.huawei.android.hms.agent.common.ApiClientMgr@d817c16
02-05 11:49:31.588  5143  5143 D ResourceService: ====onStartCommand====
02-05 11:49:31.606 24731 14033 I zygote64: Note: end time exceeds INT32_MAX: 9223371940
02-05 11:49:31.609 24731 14034 I zygote64: Note: end time exceeds INT32_MAX: 9223371212
02-05 11:49:31.621  5143  5143 D NetworkSecurityConfig: No Network Security Config specified, using platform default
02-05 11:49:31.625  5115  6331 I WifiService: getConnectionInfo uid=10149
02-05 11:49:31.647  5078  5400 I [push]core: 2/push client startup
02-05 11:49:31.636  5044  5062 D EventBus: No subscribers registered for event class com.youdao.dict.event.VipState
02-05 11:49:31.656  5078  5400 I [push]app: 2/app is background, uid=10149
02-05 11:49:31.659  5078  5400 I [push]core: 2/nim service startup
02-05 11:49:31.661  5044  5062 D EventBus: No subscribers registered for event class org.greenrobot.eventbus.NoSubscriberEvent
02-05 11:49:31.678  5078  5400 I [push]remote: 2/UI process bound! service=NimService
02-05 11:49:31.686  5078  5400 I [push]core: 2/NimService onStartCommand from#1 flags#0 startId#1
02-05 11:49:31.688  5078  5400 D [push]service: 2/start repeating alarm
02-05 11:49:31.689  5078  5400 I [push]core: 2/NimService onStartCommand from#0 flags#0 startId#2
02-05 11:49:31.689  5078  5400 D [push]service: 2/start repeating alarm
02-05 11:49:31.692  5078  5400 I [push]core: 2/aux service startup
02-05 11:49:31.694  5078  5400 I [push]core: 2/AuxService onStartCommand flags#0 startId#1 sticky=true
02-05 11:49:31.735  5115  6329 I WifiService: getConnectionInfo uid=10149
02-05 11:49:31.736  5229  5229 I HMSAgent: DictApplication(512)->HMSAgent(172)->HMSAgent(213)->init
02-05 11:49:31.736  5229  5229 I HMSAgent: init HMSAgent 020601302 with hmssdkver 20601301
02-05 11:49:31.737  5229  5229 D HMSAgent: HMSAgent(172)->HMSAgent(216)->ActivityMgr(59)->init
02-05 11:49:31.737  5229  5229 D HMSAgent: init
02-05 11:49:31.738  5115 12589 I WifiService: getConnectionInfo uid=10149
02-05 11:49:31.744  5229  5229 D HMSAgent: HMSAgent(172)->HMSAgent(219)->ApiClientMgr(188)->init
02-05 11:49:31.744  5229  5229 D HMSAgent: init
02-05 11:49:31.744  5229  5229 D HMSAgent: HMSAgent(219)->ApiClientMgr(197)->ActivityMgr(99)->unRegisterActivitResumeEvent
02-05 11:49:31.744  5229  5229 D HMSAgent: unRegisterOnResume:com.huawei.android.hms.agent.common.ApiClientMgr@36b5724
02-05 11:49:31.744  5229  5229 D HMSAgent: HMSAgent(219)->ApiClientMgr(198)->ActivityMgr(90)->registerActivitResumeEvent
02-05 11:49:31.744  5229  5229 D HMSAgent: registerOnResume:com.huawei.android.hms.agent.common.ApiClientMgr@36b5724
02-05 11:49:31.744  5229  5229 D HMSAgent: HMSAgent(219)->ApiClientMgr(201)->ActivityMgr(117)->unRegisterActivitPauseEvent
02-05 11:49:31.744  5229  5229 D HMSAgent: unRegisterOnPause:com.huawei.android.hms.agent.common.ApiClientMgr@36b5724
02-05 11:49:31.744  5229  5229 D HMSAgent: HMSAgent(219)->ApiClientMgr(202)->ActivityMgr(108)->registerActivitPauseEvent
02-05 11:49:31.744  5229  5229 D HMSAgent: registerOnPause:com.huawei.android.hms.agent.common.ApiClientMgr@36b5724
02-05 11:49:31.745  5229  5229 D HMSAgent: HMSAgent(219)->ApiClientMgr(205)->ActivityMgr(135)->unRegisterActivitDestroyedEvent
02-05 11:49:31.745  5229  5229 D HMSAgent: unRegisterOnDestroyed:com.huawei.android.hms.agent.common.ApiClientMgr@36b5724
02-05 11:49:31.745  5229  5229 D HMSAgent: HMSAgent(219)->ApiClientMgr(206)->ActivityMgr(126)->registerActivitDestroyedEvent
02-05 11:49:31.745  5229  5229 D HMSAgent: registerOnDestroyed:com.huawei.android.hms.agent.common.ApiClientMgr@36b5724
02-05 11:49:31.775  5143  5432 D ResourceService: Begin check and current version = -1
02-05 11:49:31.776  5143  5432 D ResourceService: (AssetsResourcesVersion,  currentResourcesVersion) = (5, -1) need copy assets resource
02-05 11:49:31.776  5229  5229 D DictReviewTaskNotifyService: [main] onCreate
02-05 11:49:31.797  5229  5229 D DictReviewTaskNotifyService: [main] Schedule, next run at 2019.02.05 11:54:31 PST
02-05 11:49:31.803  5143  5432 D ResourceService: Delete Dir /data/user/0/com.youdao.dict/filesresources/tmp
02-05 11:49:31.805  5044  5075 I [ui]main_conn: 2/onServiceConnected: binder#android.os.BinderProxy@287b4ea
02-05 11:49:31.852  5078  5400 I [push]remote: 3359/IPC duplex channel established
02-05 11:49:31.862  5044  5075 I [ui]aux_conn: 2/onServiceConnected: binder#android.os.BinderProxy@3e383db
02-05 11:49:31.885  5078  5400 I [push]sdk_config_push: 3359/read sdk config from SP, sdk config=[1,1,1,1]
02-05 11:49:31.892  5044  5075 I [ui]sdk_config_ui: 3347/read sdk config from push, sdk config=[1,1,1,1]
02-05 11:49:31.895  5044  5075 I [ui]InvocationMgr: 3347/on notify: Transaction: [id: 4,  method: AuthServiceObserver/observeOtherClients]
02-05 11:49:31.982  5229  5434 W zygote  : Verification of android.database.Cursor com.youdao.dict.db.ReviewPlanDataBaseOperator.getNotes() took 179.479ms
02-05 11:49:31.991  5229  5229 W zygote  : Verification of void com.bumptech.glide.Glide.<init>(com.bumptech.glide.load.engine.Engine, com.bumptech.glide.load.engine.cache.MemoryCache, com.bumptech.glide.load.engine.bitmap_recycle.BitmapPool, android.content.Context, com.bumptech.glide.load.DecodeFormat) took 188.995ms
02-05 11:49:32.229  5078  5400 D [push]LBS: 3353/LBS http get success, result={"common":{"nos":["http://223.252.216.48","http://223.252.216.49"],"desc":"online","link":["outsea.yun-app.net:8000"],"name":"this is server list for us","nosdls":["http://nos.netease.com"],"link.default":["outsea.yun-app.net:8000"],"nosdl":"http://nos.netease.com","lbs":"https://lbs.netease.im/lbs/conf.jsp"}}
02-05 11:49:32.229  5078  5400 D [push]LBS: 
02-05 11:49:32.229  5078  5400 D [push]LBS: 
02-05 11:49:32.229  5078  5400 D [push]LBS: 
02-05 11:49:32.229  5078  5400 D [push]LBS: 
02-05 11:49:32.229  5078  5400 D [push]LBS: 
02-05 11:49:32.229  5078  5400 D [push]LBS: 
02-05 11:49:32.231  5078  5400 I [push]LBS: 3353/update server address from LBS, links count=1, def links count=1, nosdl count=1
02-05 11:49:32.239  5229  5434 W zygote  : Verification of java.util.List com.youdao.dict.db.ReviewPlanDataBaseOperator.getNeedToReviewList() took 253.788ms
02-05 11:49:32.257  5115  6362 W zygote64: kill(-1295, 9) failed: No such process
02-05 11:49:32.257  5115  6362 I zygote64: Successfully killed process cgroup uid 10093 pid 1295 in 0ms
02-05 11:49:32.257  5115  1713 I ActivityManager: Process com.google.android.apps.walletnfcrel (pid 1295) has died: cch+6CEM 
02-05 11:49:32.328  5115  6923 I GnssLocationProvider: WakeLock acquired by sendMessage(SET_REQUEST, 0, com.android.server.location.GnssLocationProvider$GpsRequest@4fa096)
02-05 11:49:32.353 19328 19328 I GeofencerStateMachine: sendNewLocationAvailability: availability=LocationAvailability[isLocationAvailable: true]
02-05 11:49:32.363  5115  1717 I WifiService: getConnectionInfo uid=10149
02-05 11:49:32.365  5115  7955 I WifiService: getConnectionInfo uid=10149
02-05 11:49:32.405  5115 20136 I GnssLocationProvider: WakeLock acquired by sendMessage(SET_REQUEST, 0, com.android.server.location.GnssLocationProvider$GpsRequest@ed94417)
02-05 11:49:32.437 19328 19328 I GeofencerStateMachine: sendNewLocationAvailability: availability=LocationAvailability[isLocationAvailable: true]
02-05 11:49:32.514  5115  6930 I WifiService: getConnectionInfo uid=10149
02-05 11:49:32.515  5115  7283 I WifiService: getConnectionInfo uid=10149
02-05 11:49:32.626  5143  5432 D ResourceService: Copy assets from /assets/resources --> /data/user/0/com.youdao.dict/filesresources/tmp
02-05 11:49:32.646  5115  9673 I WifiService: getConnectionInfo uid=10149
02-05 11:49:32.666  5115  1713 I WifiService: getConnectionInfo uid=10149
02-05 11:49:32.699  5115  6329 I GnssLocationProvider: WakeLock acquired by sendMessage(SET_REQUEST, 0, com.android.server.location.GnssLocationProvider$GpsRequest@60b3004)
02-05 11:49:32.710 19328 19328 I GeofencerStateMachine: sendNewLocationAvailability: availability=LocationAvailability[isLocationAvailable: true]
02-05 11:49:32.758  5143  5172 I zygote  : ThreadFlipBegin blocked for 8.915ms
02-05 11:49:32.859  5078  5367 W zygote  : Verification of void okio.InflaterSource.releaseInflatedBytes() took 220.253ms
02-05 11:49:32.925  5143  5375 I zygote  : IncrementDisableThreadFlip blocked for 173.456ms
02-05 11:49:33.054  5078  5367 D vip     : [UserTask #1] vipString = {"reason":"user not login","errorCode":2100,"success":false}
02-05 11:49:33.178  5115  6357 D ConnectivityService: requestNetwork for uid/pid:1000/5115 NetworkRequest [ REQUEST id=664, legacyType=3, [ Transports: CELLULAR Capabilities: SUPL&NOT_RESTRICTED&TRUSTED&NOT_VPN] ]
02-05 11:49:33.178  5115  6357 I GnssLocationProvider: WakeLock released by handleMessage(REQUEST_SUPL_CONNECTION, 0, /0.0.0.0)
02-05 11:49:33.178  5115  6357 I GnssLocationProvider: WakeLock released by handleMessage(SET_REQUEST, 0, com.android.server.location.GnssLocationProvider$GpsRequest@cbfa9d4)
02-05 11:49:33.178  5115  6357 I GnssLocationProvider: WakeLock released by handleMessage(SET_REQUEST, 0, com.android.server.location.GnssLocationProvider$GpsRequest@97257be)
02-05 11:49:33.179  5115  6357 I GnssLocationProvider: WakeLock released by handleMessage(SET_REQUEST, 0, com.android.server.location.GnssLocationProvider$GpsRequest@4fa096)
02-05 11:49:33.179  5115  6357 I GnssLocationProvider: WakeLock released by handleMessage(SET_REQUEST, 0, com.android.server.location.GnssLocationProvider$GpsRequest@ed94417)
02-05 11:49:33.180  5115  6357 I GnssLocationProvider: WakeLock released by handleMessage(SET_REQUEST, 0, com.android.server.location.GnssLocationProvider$GpsRequest@60b3004)
02-05 11:49:33.180  5115  6538 D WIFI    : got request NetworkRequest [ REQUEST id=664, legacyType=3, [ Transports: CELLULAR Capabilities: SUPL&NOT_RESTRICTED&TRUSTED&NOT_VPN] ] with score 0
02-05 11:49:33.181  5115  6589 D Ethernet: got request NetworkRequest [ REQUEST id=664, legacyType=3, [ Transports: CELLULAR Capabilities: SUPL&NOT_RESTRICTED&TRUSTED&NOT_VPN] ] with score 0
02-05 11:49:33.180  6887  6887 D PhoneSwitcherNetworkRequstListener: got request NetworkRequest [ REQUEST id=664, legacyType=3, [ Transports: CELLULAR Capabilities: SUPL&NOT_RESTRICTED&TRUSTED&NOT_VPN] ] with score 0
02-05 11:49:33.182  5115  6538 D WIFI_UT : got request NetworkRequest [ REQUEST id=664, legacyType=3, [ Transports: CELLULAR Capabilities: SUPL&NOT_RESTRICTED&TRUSTED&NOT_VPN] ] with score 0
02-05 11:49:33.194  5115  6841 D GnssLocationProvider: AGPS IP is v4: 255.255.255.255
02-05 11:49:33.194  5115  6841 V GnssLocationProvider: Passing AGPS IP addr: size 0
02-05 11:49:33.194  5115  6841 I GnssLocationProvider: WakeLock acquired by sendMessage(RELEASE_SUPL_CONNECTION, 2, null)
02-05 11:49:33.194  5115  6543 D ConnectivityService: releasing NetworkRequest [ REQUEST id=664, legacyType=3, [ Transports: CELLULAR Capabilities: SUPL&NOT_RESTRICTED&TRUSTED&NOT_VPN] ] (release request)
02-05 11:49:33.195  5115  6841 E LocSvc_eng: W/AgpsReleasedState: unrecognized event 3
02-05 11:49:33.195  5115  6357 I GnssLocationProvider: WakeLock released by handleMessage(RELEASE_SUPL_CONNECTION, 2, null)
02-05 11:49:33.215  6887  6887 D TelephonyProvider: subIdString = 1 subId = 1
02-05 11:49:33.249  5115  6358 W BroadcastQueue: Permission Denial: broadcasting Intent { act=android.intent.action.ANY_DATA_STATE flg=0x10 (has extras) } from android (pid=6887, uid=1001) is not exported from uid 10151 due to receiver com.tencent.qqpim/.apps.startreceiver.QQPimAllStartUpReceiver
02-05 11:49:33.263  3848  3894 E QC-QMI  : linux_qmi_qmux_io_wake_lock: Err in writing wakelock=qmuxd_port_wl_0, error [1:Operation not permitted]
02-05 11:49:33.264  3848  3894 E QC-QMI  : linux_qmi_qmux_io_wake_unlock: Err in writing wakelock=qmuxd_port_wl_0, error [1:Operation not permitted]
02-05 11:49:33.268  3848  3894 E QC-QMI  : linux_qmi_qmux_io_wake_lock: Err in writing wakelock=qmuxd_port_wl_0, error [1:Operation not permitted]
02-05 11:49:33.268  3848  3894 E QC-QMI  : linux_qmi_qmux_io_wake_unlock: Err in writing wakelock=qmuxd_port_wl_0, error [1:Operation not permitted]
02-05 11:49:33.272  3848  3894 E QC-QMI  : linux_qmi_qmux_io_wake_lock: Err in writing wakelock=qmuxd_port_wl_0, error [1:Operation not permitted]
02-05 11:49:33.272  3848  3894 E QC-QMI  : linux_qmi_qmux_io_wake_unlock: Err in writing wakelock=qmuxd_port_wl_0, error [1:Operation not permitted]
02-05 11:49:33.277  3848  3894 E QC-QMI  : linux_qmi_qmux_io_wake_lock: Err in writing wakelock=qmuxd_port_wl_0, error [1:Operation not permitted]
02-05 11:49:33.277  5078  5367 W zygote  : Verification of void org.greenrobot.eventbus.EventBus.<init>(org.greenrobot.eventbus.EventBusBuilder) took 222.149ms
02-05 11:49:33.277  3848  3894 E QC-QMI  : linux_qmi_qmux_io_wake_unlock: Err in writing wakelock=qmuxd_port_wl_0, error [1:Operation not permitted]
02-05 11:49:33.279  5044  5193 D DictManager: [Thread-9] the dict : /storage/emulated/0/Youdao/Dict/offlinedict/ee_3.dat loaded! and MD5 = 43E8050963A68D42CB26B91BC983E1BD filemd5 = 43e8050963a68d42cb26b91bc983e1bd
02-05 11:49:33.281  3848  3894 E QC-QMI  : linux_qmi_qmux_io_wake_lock: Err in writing wakelock=qmuxd_port_wl_0, error [1:Operation not permitted]
02-05 11:49:33.281  3848  3894 E QC-QMI  : linux_qmi_qmux_io_wake_unlock: Err in writing wakelock=qmuxd_port_wl_0, error [1:Operation not permitted]
02-05 11:49:33.284  3848  3894 E QC-QMI  : linux_qmi_qmux_io_wake_lock: Err in writing wakelock=qmuxd_port_wl_0, error [1:Operation not permitted]
02-05 11:49:33.285  3848  3894 E QC-QMI  : linux_qmi_qmux_io_wake_unlock: Err in writing wakelock=qmuxd_port_wl_0, error [1:Operation not permitted]
02-05 11:49:33.288  3848  3894 E QC-QMI  : linux_qmi_qmux_io_wake_lock: Err in writing wakelock=qmuxd_port_wl_0, error [1:Operation not permitted]
02-05 11:49:33.288  3848  3894 E QC-QMI  : linux_qmi_qmux_io_wake_unlock: Err in writing wakelock=qmuxd_port_wl_0, error [1:Operation not permitted]
02-05 11:49:33.296  3848  3894 E QC-QMI  : linux_qmi_qmux_io_wake_lock: Err in writing wakelock=qmuxd_port_wl_0, error [1:Operation not permitted]
02-05 11:49:33.296  3848  3894 E QC-QMI  : linux_qmi_qmux_io_wake_unlock: Err in writing wakelock=qmuxd_port_wl_0, error [1:Operation not permitted]
02-05 11:49:33.300  3848  3894 E QC-QMI  : linux_qmi_qmux_io_wake_lock: Err in writing wakelock=qmuxd_port_wl_0, error [1:Operation not permitted]
02-05 11:49:33.300  3848  3894 E QC-QMI  : linux_qmi_qmux_io_wake_unlock: Err in writing wakelock=qmuxd_port_wl_0, error [1:Operation not permitted]
02-05 11:49:33.303  3848  3894 E QC-QMI  : linux_qmi_qmux_io_wake_lock: Err in writing wakelock=qmuxd_port_wl_0, error [1:Operation not permitted]
02-05 11:49:33.303  3848  3894 E QC-QMI  : linux_qmi_qmux_io_wake_unlock: Err in writing wakelock=qmuxd_port_wl_0, error [1:Operation not permitted]
02-05 11:49:33.309  3848  3894 E QC-QMI  : linux_qmi_qmux_io_wake_lock: Err in writing wakelock=qmuxd_port_wl_0, error [1:Operation not permitted]
02-05 11:49:33.309  3848  3894 E QC-QMI  : linux_qmi_qmux_io_wake_unlock: Err in writing wakelock=qmuxd_port_wl_0, error [1:Operation not permitted]
02-05 11:49:33.311  3848  3894 E QC-QMI  : linux_qmi_qmux_io_wake_lock: Err in writing wakelock=qmuxd_port_wl_0, error [1:Operation not permitted]
02-05 11:49:33.311  3848  3894 E QC-QMI  : linux_qmi_qmux_io_wake_unlock: Err in writing wakelock=qmuxd_port_wl_0, error [1:Operation not permitted]
02-05 11:49:33.314  3848  3894 E QC-QMI  : linux_qmi_qmux_io_wake_lock: Err in writing wakelock=qmuxd_port_wl_0, error [1:Operation not permitted]
02-05 11:49:33.314  3848  3894 E QC-QMI  : linux_qmi_qmux_io_wake_unlock: Err in writing wakelock=qmuxd_port_wl_0, error [1:Operation not permitted]
02-05 11:49:33.317  3848  3894 E QC-QMI  : linux_qmi_qmux_io_wake_lock: Err in writing wakelock=qmuxd_port_wl_0, error [1:Operation not permitted]
02-05 11:49:33.317  3848  3894 E QC-QMI  : linux_qmi_qmux_io_wake_unlock: Err in writing wakelock=qmuxd_port_wl_0, error [1:Operation not permitted]
02-05 11:49:33.318  3899  3899 I libmdmdetect: ESOC framework not supported
02-05 11:49:33.318  3899  3899 I libmdmdetect: Found internal modem: modem
02-05 11:49:33.323  3848  3894 E QC-QMI  : linux_qmi_qmux_io_wake_lock: Err in writing wakelock=qmuxd_port_wl_0, error [1:Operation not permitted]
02-05 11:49:33.324  3848  3894 E QC-QMI  : linux_qmi_qmux_io_wake_unlock: Err in writing wakelock=qmuxd_port_wl_0, error [1:Operation not permitted]
02-05 11:49:33.324  3899  3899 I libmdmdetect: ESOC framework not supported
02-05 11:49:33.324  3899  3899 I libmdmdetect: Found internal modem: modem
02-05 11:49:33.328  3848  3894 E QC-QMI  : linux_qmi_qmux_io_wake_lock: Err in writing wakelock=qmuxd_port_wl_0, error [1:Operation not permitted]
02-05 11:49:33.328  3848  3894 E QC-QMI  : linux_qmi_qmux_io_wake_unlock: Err in writing wakelock=qmuxd_port_wl_0, error [1:Operation not permitted]
02-05 11:49:33.329  3848  3894 E QC-QMI  : linux_qmi_qmux_io_wake_lock: Err in writing wakelock=qmuxd_port_wl_0, error [1:Operation not permitted]
02-05 11:49:33.329  3848  3894 E QC-QMI  : linux_qmi_qmux_io_wake_unlock: Err in writing wakelock=qmuxd_port_wl_0, error [1:Operation not permitted]
02-05 11:49:33.329  3899  3899 I libmdmdetect: ESOC framework not supported
02-05 11:49:33.329  3899  3899 I libmdmdetect: Found internal modem: modem
02-05 11:49:33.333  3848  3894 E QC-QMI  : linux_qmi_qmux_io_wake_lock: Err in writing wakelock=qmuxd_port_wl_0, error [1:Operation not permitted]
02-05 11:49:33.333  3848  3894 E QC-QMI  : linux_qmi_qmux_io_wake_unlock: Err in writing wakelock=qmuxd_port_wl_0, error [1:Operation not permitted]
02-05 11:49:33.334  3899  3899 I libmdmdetect: ESOC framework not supported
02-05 11:49:33.334  3899  3899 I libmdmdetect: Found internal modem: modem
02-05 11:49:33.337  3848  3894 E QC-QMI  : linux_qmi_qmux_io_wake_lock: Err in writing wakelock=qmuxd_port_wl_0, error [1:Operation not permitted]
02-05 11:49:33.337  3848  3894 E QC-QMI  : linux_qmi_qmux_io_wake_unlock: Err in writing wakelock=qmuxd_port_wl_0, error [1:Operation not permitted]
02-05 11:49:33.338  3848  3894 E QC-QMI  : linux_qmi_qmux_io_wake_lock: Err in writing wakelock=qmuxd_port_wl_0, error [1:Operation not permitted]
02-05 11:49:33.338  3848  3894 E QC-QMI  : linux_qmi_qmux_io_wake_unlock: Err in writing wakelock=qmuxd_port_wl_0, error [1:Operation not permitted]
02-05 11:49:33.338  3899  3899 I libmdmdetect: ESOC framework not supported
02-05 11:49:33.338  3899  3899 I libmdmdetect: Found internal modem: modem
02-05 11:49:33.342  3848  3894 E QC-QMI  : linux_qmi_qmux_io_wake_lock: Err in writing wakelock=qmuxd_port_wl_0, error [1:Operation not permitted]
02-05 11:49:33.342  3848  3894 E QC-QMI  : linux_qmi_qmux_io_wake_unlock: Err in writing wakelock=qmuxd_port_wl_0, error [1:Operation not permitted]
02-05 11:49:33.342  3899  3899 I libmdmdetect: ESOC framework not supported
02-05 11:49:33.342  3899  3899 I libmdmdetect: Found internal modem: modem
02-05 11:49:33.344  3848  3894 E QC-QMI  : linux_qmi_qmux_io_wake_lock: Err in writing wakelock=qmuxd_port_wl_0, error [1:Operation not permitted]
02-05 11:49:33.345  3848  3894 E QC-QMI  : linux_qmi_qmux_io_wake_unlock: Err in writing wakelock=qmuxd_port_wl_0, error [1:Operation not permitted]
02-05 11:49:33.347  3848  3894 E QC-QMI  : linux_qmi_qmux_io_wake_lock: Err in writing wakelock=qmuxd_port_wl_0, error [1:Operation not permitted]
02-05 11:49:33.347  3848  3894 E QC-QMI  : linux_qmi_qmux_io_wake_unlock: Err in writing wakelock=qmuxd_port_wl_0, error [1:Operation not permitted]
02-05 11:49:33.350  3848  3894 E QC-QMI  : linux_qmi_qmux_io_wake_lock: Err in writing wakelock=qmuxd_port_wl_0, error [1:Operation not permitted]
02-05 11:49:33.350  3848  3894 E QC-QMI  : linux_qmi_qmux_io_wake_unlock: Err in writing wakelock=qmuxd_port_wl_0, error [1:Operation not permitted]
02-05 11:49:33.351  3848  3894 E QC-QMI  : linux_qmi_qmux_io_wake_lock: Err in writing wakelock=qmuxd_port_wl_0, error [1:Operation not permitted]
02-05 11:49:33.351  3848  3894 E QC-QMI  : linux_qmi_qmux_io_wake_unlock: Err in writing wakelock=qmuxd_port_wl_0, error [1:Operation not permitted]
02-05 11:49:33.361  3848  3894 E QC-QMI  : linux_qmi_qmux_io_wake_lock: Err in writing wakelock=qmuxd_port_wl_0, error [1:Operation not permitted]
02-05 11:49:33.361  3848  3894 E QC-QMI  : linux_qmi_qmux_io_wake_unlock: Err in writing wakelock=qmuxd_port_wl_0, error [1:Operation not permitted]
02-05 11:49:33.361  3848  3894 E QC-QMI  : linux_qmi_qmux_io_wake_lock: Err in writing wakelock=qmuxd_port_wl_0, error [1:Operation not permitted]
02-05 11:49:33.361  3848  3894 E QC-QMI  : linux_qmi_qmux_io_wake_unlock: Err in writing wakelock=qmuxd_port_wl_0, error [1:Operation not permitted]
02-05 11:49:33.368  3848  3894 E QC-QMI  : linux_qmi_qmux_io_wake_lock: Err in writing wakelock=qmuxd_port_wl_0, error [1:Operation not permitted]
02-05 11:49:33.368  3848  3894 E QC-QMI  : linux_qmi_qmux_io_wake_unlock: Err in writing wakelock=qmuxd_port_wl_0, error [1:Operation not permitted]
02-05 11:49:33.369  3848  3894 E QC-QMI  : linux_qmi_qmux_io_wake_lock: Err in writing wakelock=qmuxd_port_wl_0, error [1:Operation not permitted]
02-05 11:49:33.369  3848  3894 E QC-QMI  : linux_qmi_qmux_io_wake_unlock: Err in writing wakelock=qmuxd_port_wl_0, error [1:Operation not permitted]
02-05 11:49:33.369  3848  3894 E QC-QMI  : linux_qmi_qmux_io_wake_lock: Err in writing wakelock=qmuxd_port_wl_0, error [1:Operation not permitted]
02-05 11:49:33.369  3848  3894 E QC-QMI  : linux_qmi_qmux_io_wake_unlock: Err in writing wakelock=qmuxd_port_wl_0, error [1:Operation not permitted]
02-05 11:49:33.369  3848  3894 E QC-QMI  : linux_qmi_qmux_io_wake_lock: Err in writing wakelock=qmuxd_port_wl_0, error [1:Operation not permitted]
02-05 11:49:33.369  3848  3894 E QC-QMI  : linux_qmi_qmux_io_wake_unlock: Err in writing wakelock=qmuxd_port_wl_0, error [1:Operation not permitted]
02-05 11:49:33.369  3848  3894 E QC-QMI  : linux_qmi_qmux_io_wake_lock: Err in writing wakelock=qmuxd_port_wl_0, error [1:Operation not permitted]
02-05 11:49:33.369  3848  3894 E QC-QMI  : linux_qmi_qmux_io_wake_unlock: Err in writing wakelock=qmuxd_port_wl_0, error [1:Operation not permitted]
02-05 11:49:33.370  3848  3894 E QC-QMI  : linux_qmi_qmux_io_wake_lock: Err in writing wakelock=qmuxd_port_wl_0, error [1:Operation not permitted]
02-05 11:49:33.370  3848  3894 E QC-QMI  : linux_qmi_qmux_io_wake_unlock: Err in writing wakelock=qmuxd_port_wl_0, error [1:Operation not permitted]
02-05 11:49:33.370  3848  3894 E QC-QMI  : linux_qmi_qmux_io_wake_lock: Err in writing wakelock=qmuxd_port_wl_0, error [1:Operation not permitted]
02-05 11:49:33.370  3848  3894 E QC-QMI  : linux_qmi_qmux_io_wake_unlock: Err in writing wakelock=qmuxd_port_wl_0, error [1:Operation not permitted]
02-05 11:49:33.370  3848  3894 E QC-QMI  : linux_qmi_qmux_io_wake_lock: Err in writing wakelock=qmuxd_port_wl_0, error [1:Operation not permitted]
02-05 11:49:33.371  3848  3894 E QC-QMI  : linux_qmi_qmux_io_wake_unlock: Err in writing wakelock=qmuxd_port_wl_0, error [1:Operation not permitted]
02-05 11:49:33.371  3848  3894 E QC-QMI  : linux_qmi_qmux_io_wake_lock: Err in writing wakelock=qmuxd_port_wl_0, error [1:Operation not permitted]
02-05 11:49:33.371  3848  3894 E QC-QMI  : linux_qmi_qmux_io_wake_unlock: Err in writing wakelock=qmuxd_port_wl_0, error [1:Operation not permitted]
02-05 11:49:33.372  3848  3894 E QC-QMI  : linux_qmi_qmux_io_wake_lock: Err in writing wakelock=qmuxd_port_wl_0, error [1:Operation not permitted]
02-05 11:49:33.372  3848  3894 E QC-QMI  : linux_qmi_qmux_io_wake_unlock: Err in writing wakelock=qmuxd_port_wl_0, error [1:Operation not permitted]
02-05 11:49:33.372  3848  3894 E QC-QMI  : linux_qmi_qmux_io_wake_lock: Err in writing wakelock=qmuxd_port_wl_0, error [1:Operation not permitted]
02-05 11:49:33.373  3848  3894 E QC-QMI  : linux_qmi_qmux_io_wake_unlock: Err in writing wakelock=qmuxd_port_wl_0, error [1:Operation not permitted]
02-05 11:49:33.375  3848  3894 E QC-QMI  : linux_qmi_qmux_io_wake_lock: Err in writing wakelock=qmuxd_port_wl_0, error [1:Operation not permitted]
02-05 11:49:33.375  3848  3894 E QC-QMI  : linux_qmi_qmux_io_wake_unlock: Err in writing wakelock=qmuxd_port_wl_0, error [1:Operation not permitted]
02-05 11:49:33.435  5229  5401 W zygote  : Verification of okio.Sink com.squareup.okhttp.internal.http.Http1xStream.newChunkedSink() took 187.336ms
02-05 11:49:33.439  5078  5367 W zygote  : Verification of void org.greenrobot.eventbus.EventBus.handleSubscriberException(org.greenrobot.eventbus.Subscription, java.lang.Object, java.lang.Throwable) took 141.066ms
02-05 11:49:33.458  3848  3894 E QC-QMI  : linux_qmi_qmux_io_wake_lock: Err in writing wakelock=qmuxd_port_wl_0, error [1:Operation not permitted]
02-05 11:49:33.458  3848  3894 E QC-QMI  : linux_qmi_qmux_io_wake_unlock: Err in writing wakelock=qmuxd_port_wl_0, error [1:Operation not permitted]
02-05 11:49:33.460  3848  3894 E QC-QMI  : linux_qmi_qmux_io_wake_lock: Err in writing wakelock=qmuxd_port_wl_0, error [1:Operation not permitted]
02-05 11:49:33.461  3848  3894 E QC-QMI  : linux_qmi_qmux_io_wake_unlock: Err in writing wakelock=qmuxd_port_wl_0, error [1:Operation not permitted]
