02-05 11:49:33.464  3848  3894 E QC-QMI  : linux_qmi_qmux_io_wake_lock: Err in writing wakelock=qmuxd_port_wl_0, error [1:Operation not permitted]
02-05 11:49:33.464  3848  3894 E QC-QMI  : linux_qmi_qmux_io_wake_unlock: Err in writing wakelock=qmuxd_port_wl_0, error [1:Operation not permitted]
02-05 11:49:33.466  5143  5375 W zygote  : Verification of long okio.GzipSource.read(okio.Buffer, long) took 200.428ms
02-05 11:49:33.552 24731 14031 I zygote64: Note: end time exceeds INT32_MAX: 9223372035
02-05 11:49:33.563  3848  3894 E QC-QMI  : linux_qmi_qmux_io_wake_lock: Err in writing wakelock=qmuxd_port_wl_0, error [1:Operation not permitted]
02-05 11:49:33.563  3848  3894 E QC-QMI  : linux_qmi_qmux_io_wake_unlock: Err in writing wakelock=qmuxd_port_wl_0, error [1:Operation not permitted]
02-05 11:49:33.567  3848  3894 E QC-QMI  : linux_qmi_qmux_io_wake_lock: Err in writing wakelock=qmuxd_port_wl_0, error [1:Operation not permitted]
02-05 11:49:33.567  3848  3894 E QC-QMI  : linux_qmi_qmux_io_wake_unlock: Err in writing wakelock=qmuxd_port_wl_0, error [1:Operation not permitted]
02-05 11:49:33.568  3899  4058 I libmdmdetect: ESOC framework not supported
02-05 11:49:33.568  3899  4058 I libmdmdetect: Found internal modem: modem
02-05 11:49:33.572  3848  3894 E QC-QMI  : linux_qmi_qmux_io_wake_lock: Err in writing wakelock=qmuxd_port_wl_0, error [1:Operation not permitted]
02-05 11:49:33.572  3848  3894 E QC-QMI  : linux_qmi_qmux_io_wake_unlock: Err in writing wakelock=qmuxd_port_wl_0, error [1:Operation not permitted]
02-05 11:49:33.572  3899  4058 I libmdmdetect: ESOC framework not supported
02-05 11:49:33.572  3899  4058 I libmdmdetect: Found internal modem: modem
02-05 11:49:33.575  3848  3894 E QC-QMI  : linux_qmi_qmux_io_wake_lock: Err in writing wakelock=qmuxd_port_wl_0, error [1:Operation not permitted]
02-05 11:49:33.576  3848  3894 E QC-QMI  : linux_qmi_qmux_io_wake_unlock: Err in writing wakelock=qmuxd_port_wl_0, error [1:Operation not permitted]
02-05 11:49:33.579  3848  3894 E QC-QMI  : linux_qmi_qmux_io_wake_lock: Err in writing wakelock=qmuxd_port_wl_0, error [1:Operation not permitted]
02-05 11:49:33.579  5078  5367 W zygote  : Verification of void org.greenrobot.eventbus.EventBus.invokeSubscriber(org.greenrobot.eventbus.Subscription, java.lang.Object) took 137.100ms
02-05 11:49:33.579  3848  3894 E QC-QMI  : linux_qmi_qmux_io_wake_unlock: Err in writing wakelock=qmuxd_port_wl_0, error [1:Operation not permitted]
02-05 11:49:33.582  3848  3894 E QC-QMI  : linux_qmi_qmux_io_wake_lock: Err in writing wakelock=qmuxd_port_wl_0, error [1:Operation not permitted]
02-05 11:49:33.582  3848  3894 E QC-QMI  : linux_qmi_qmux_io_wake_unlock: Err in writing wakelock=qmuxd_port_wl_0, error [1:Operation not permitted]
02-05 11:49:33.585  3848  3894 E QC-QMI  : linux_qmi_qmux_io_wake_lock: Err in writing wakelock=qmuxd_port_wl_0, error [1:Operation not permitted]
02-05 11:49:33.585  3848  3894 E QC-QMI  : linux_qmi_qmux_io_wake_unlock: Err in writing wakelock=qmuxd_port_wl_0, error [1:Operation not permitted]
02-05 11:49:33.588  3848  3894 E QC-QMI  : linux_qmi_qmux_io_wake_lock: Err in writing wakelock=qmuxd_port_wl_0, error [1:Operation not permitted]
02-05 11:49:33.588  3848  3894 E QC-QMI  : linux_qmi_qmux_io_wake_unlock: Err in writing wakelock=qmuxd_port_wl_0, error [1:Operation not permitted]
02-05 11:49:33.591  3848  3894 E QC-QMI  : linux_qmi_qmux_io_wake_lock: Err in writing wakelock=qmuxd_port_wl_0, error [1:Operation not permitted]
02-05 11:49:33.591  3848  3894 E QC-QMI  : linux_qmi_qmux_io_wake_unlock: Err in writing wakelock=qmuxd_port_wl_0, error [1:Operation not permitted]
02-05 11:49:33.592  5143  5375 W zygote  : Verification of void com.youdao.ysdk.network.NetworkErrorDispatcher.dispatchException(com.squareup.okhttp.Response) took 124.127ms
02-05 11:49:33.594  3848  3894 E QC-QMI  : linux_qmi_qmux_io_wake_lock: Err in writing wakelock=qmuxd_port_wl_0, error [1:Operation not permitted]
02-05 11:49:33.594  3848  3894 E QC-QMI  : linux_qmi_qmux_io_wake_unlock: Err in writing wakelock=qmuxd_port_wl_0, error [1:Operation not permitted]
02-05 11:49:33.597  3848  3894 E QC-QMI  : linux_qmi_qmux_io_wake_lock: Err in writing wakelock=qmuxd_port_wl_0, error [1:Operation not permitted]
02-05 11:49:33.597  3848  3894 E QC-QMI  : linux_qmi_qmux_io_wake_unlock: Err in writing wakelock=qmuxd_port_wl_0, error [1:Operation not permitted]
02-05 11:49:33.293  5115  6358 I chatty  : uid=1000(system) ActivityManager identical 8 lines
02-05 11:49:33.302  5115  6358 W BroadcastQueue: Permission Denial: broadcasting Intent { act=android.intent.action.ANY_DATA_STATE flg=0x10 (has extras) } from android (pid=6887, uid=1001) is not exported from uid 10151 due to receiver com.tencent.qqpim/.apps.startreceiver.QQPimAllStartUpReceiver
02-05 11:49:33.601  5115 12465 D ConnectivityService: registerNetworkAgent NetworkAgentInfo{ ni{[type: MOBILE[LTE], state: CONNECTED/CONNECTED, reason: connected, extra: nxtgenphone, failover: false, available: true, roaming: false]}  network{286}  nethandle{1228377082590}  lp{{InterfaceName: rmnet_data0 LinkAddresses: [10.152.41.239/27,]  Routes: [0.0.0.0/0 -> 10.152.41.240 rmnet_data0,10.152.41.224/27 -> 0.0.0.0 rmnet_data0,] DnsAddresses: [172.26.38.1,] Domains: null MTU: 1430 TcpBufferSizes: 524288,1048576,8388608,262144,524288,4194304}}  nc{[ Transports: CELLULAR Capabilities: MMS&SUPL&FOTA&INTERNET&NOT_RESTRICTED&TRUSTED&NOT_VPN LinkUpBandwidth>=51200Kbps LinkDnBandwidth>=102400Kbps Specifier: <1>]}  Score{10}  everValidated{false}  lastValidated{false}  created{false} lingering{false} explicitlySelected{false} acceptUnvalidated{false} everCaptivePortalDetected{false} lastCaptivePortalDetected{false} clat{null} }
02-05 11:49:33.601  5115  6543 D ConnectivityService: NetworkAgentInfo [MOBILE (LTE) - 286] EVENT_NETWORK_INFO_CHANGED, going from null to CONNECTED
02-05 11:49:33.603  5115  6543 D ConnectivityService: Adding iface rmnet_data0 to network 286
02-05 11:49:33.604  4055  4055 W Binder:3891_2: type=1400 audit(0.0:54760): avc: denied { fsetid } for capability=4 scontext=u:r:netd:s0 tcontext=u:r:netd:s0 tclass=capability permissive=0
02-05 11:49:33.604  4055  4055 W Binder:3891_2: type=1400 audit(0.0:54761): avc: denied { fsetid } for capability=4 scontext=u:r:netd:s0 tcontext=u:r:netd:s0 tclass=capability permissive=0
02-05 11:49:33.610  3848  3894 E QC-QMI  : linux_qmi_qmux_io_wake_lock: Err in writing wakelock=qmuxd_port_wl_0, error [1:Operation not permitted]
02-05 11:49:33.610  3848  3894 E QC-QMI  : linux_qmi_qmux_io_wake_unlock: Err in writing wakelock=qmuxd_port_wl_0, error [1:Operation not permitted]
02-05 11:49:33.610  3848  3894 E QC-QMI  : linux_qmi_qmux_io_wake_lock: Err in writing wakelock=qmuxd_port_wl_0, error [1:Operation not permitted]
02-05 11:49:33.610  3848  3894 E QC-QMI  : linux_qmi_qmux_io_wake_unlock: Err in writing wakelock=qmuxd_port_wl_0, error [1:Operation not permitted]
02-05 11:49:33.611  3848  3894 E QC-QMI  : linux_qmi_qmux_io_wake_lock: Err in writing wakelock=qmuxd_port_wl_0, error [1:Operation not permitted]
02-05 11:49:33.611  3848  3894 E QC-QMI  : linux_qmi_qmux_io_wake_unlock: Err in writing wakelock=qmuxd_port_wl_0, error [1:Operation not permitted]
02-05 11:49:33.611  3848  3894 E QC-QMI  : linux_qmi_qmux_io_wake_lock: Err in writing wakelock=qmuxd_port_wl_0, error [1:Operation not permitted]
02-05 11:49:33.611  3848  3894 E QC-QMI  : linux_qmi_qmux_io_wake_unlock: Err in writing wakelock=qmuxd_port_wl_0, error [1:Operation not permitted]
02-05 11:49:33.612  3848  3894 E QC-QMI  : linux_qmi_qmux_io_wake_lock: Err in writing wakelock=qmuxd_port_wl_0, error [1:Operation not permitted]
02-05 11:49:33.612  3848  3894 E QC-QMI  : linux_qmi_qmux_io_wake_unlock: Err in writing wakelock=qmuxd_port_wl_0, error [1:Operation not permitted]
02-05 11:49:33.612  3848  3894 E QC-QMI  : linux_qmi_qmux_io_wake_lock: Err in writing wakelock=qmuxd_port_wl_0, error [1:Operation not permitted]
02-05 11:49:33.612  3848  3894 E QC-QMI  : linux_qmi_qmux_io_wake_unlock: Err in writing wakelock=qmuxd_port_wl_0, error [1:Operation not permitted]
02-05 11:49:33.617  5115  6358 W BroadcastQueue: Permission Denial: broadcasting Intent { act=android.intent.action.ANY_DATA_STATE flg=0x10 (has extras) } from android (pid=6887, uid=1001) is not exported from uid 10151 due to receiver com.tencent.qqpim/.apps.startreceiver.QQPimAllStartUpReceiver
02-05 11:49:33.617  5115  6543 D ConnectivityService: Setting DNS servers for network 286 to [/172.26.38.1]
02-05 11:49:33.624  3848  3894 E QC-QMI  : linux_qmi_qmux_io_wake_lock: Err in writing wakelock=qmuxd_port_wl_0, error [1:Operation not permitted]
02-05 11:49:33.624  3848  3894 E QC-QMI  : linux_qmi_qmux_io_wake_unlock: Err in writing wakelock=qmuxd_port_wl_0, error [1:Operation not permitted]
02-05 11:49:33.625  3848  3894 E QC-QMI  : linux_qmi_qmux_io_wake_lock: Err in writing wakelock=qmuxd_port_wl_0, error [1:Operation not permitted]
02-05 11:49:33.625  3848  3894 E QC-QMI  : linux_qmi_qmux_io_wake_unlock: Err in writing wakelock=qmuxd_port_wl_0, error [1:Operation not permitted]
02-05 11:49:33.625  3848  3894 E QC-QMI  : linux_qmi_qmux_io_wake_lock: Err in writing wakelock=qmuxd_port_wl_0, error [1:Operation not permitted]
02-05 11:49:33.625  3848  3894 E QC-QMI  : linux_qmi_qmux_io_wake_unlock: Err in writing wakelock=qmuxd_port_wl_0, error [1:Operation not permitted]
02-05 11:49:33.625  3848  3894 E QC-QMI  : linux_qmi_qmux_io_wake_lock: Err in writing wakelock=qmuxd_port_wl_0, error [1:Operation not permitted]
02-05 11:49:33.625  3848  3894 E QC-QMI  : linux_qmi_qmux_io_wake_unlock: Err in writing wakelock=qmuxd_port_wl_0, error [1:Operation not permitted]
02-05 11:49:33.626  3848  3894 E QC-QMI  : linux_qmi_qmux_io_wake_lock: Err in writing wakelock=qmuxd_port_wl_0, error [1:Operation not permitted]
02-05 11:49:33.626  3848  3894 E QC-QMI  : linux_qmi_qmux_io_wake_unlock: Err in writing wakelock=qmuxd_port_wl_0, error [1:Operation not permitted]
02-05 11:49:33.626  3848  3894 E QC-QMI  : linux_qmi_qmux_io_wake_lock: Err in writing wakelock=qmuxd_port_wl_0, error [1:Operation not permitted]
02-05 11:49:33.626  3848  3894 E QC-QMI  : linux_qmi_qmux_io_wake_unlock: Err in writing wakelock=qmuxd_port_wl_0, error [1:Operation not permitted]
02-05 11:49:33.626  3848  3894 E QC-QMI  : linux_qmi_qmux_io_wake_lock: Err in writing wakelock=qmuxd_port_wl_0, error [1:Operation not permitted]
02-05 11:49:33.626  3848  3894 E QC-QMI  : linux_qmi_qmux_io_wake_unlock: Err in writing wakelock=qmuxd_port_wl_0, error [1:Operation not permitted]
02-05 11:49:33.626  3848  3894 E QC-QMI  : linux_qmi_qmux_io_wake_lock: Err in writing wakelock=qmuxd_port_wl_0, error [1:Operation not permitted]
02-05 11:49:33.626  3848  3894 E QC-QMI  : linux_qmi_qmux_io_wake_unlock: Err in writing wakelock=qmuxd_port_wl_0, error [1:Operation not permitted]
02-05 11:49:33.629  3848  3894 E QC-QMI  : linux_qmi_qmux_io_wake_lock: Err in writing wakelock=qmuxd_port_wl_0, error [1:Operation not permitted]
02-05 11:49:33.630  3848  3894 E QC-QMI  : linux_qmi_qmux_io_wake_unlock: Err in writing wakelock=qmuxd_port_wl_0, error [1:Operation not permitted]
02-05 11:49:33.630  3848  3894 E QC-QMI  : linux_qmi_qmux_io_wake_lock: Err in writing wakelock=qmuxd_port_wl_0, error [1:Operation not permitted]
02-05 11:49:33.630  3848  3894 E QC-QMI  : linux_qmi_qmux_io_wake_unlock: Err in writing wakelock=qmuxd_port_wl_0, error [1:Operation not permitted]
02-05 11:49:33.633  3848  3894 E QC-QMI  : linux_qmi_qmux_io_wake_lock: Err in writing wakelock=qmuxd_port_wl_0, error [1:Operation not permitted]
02-05 11:49:33.633  3848  3894 E QC-QMI  : linux_qmi_qmux_io_wake_unlock: Err in writing wakelock=qmuxd_port_wl_0, error [1:Operation not permitted]
02-05 11:49:33.636  3848  3894 E QC-QMI  : linux_qmi_qmux_io_wake_lock: Err in writing wakelock=qmuxd_port_wl_0, error [1:Operation not permitted]
02-05 11:49:33.636  3848  3894 E QC-QMI  : linux_qmi_qmux_io_wake_unlock: Err in writing wakelock=qmuxd_port_wl_0, error [1:Operation not permitted]
02-05 11:49:33.639  3848  3894 E QC-QMI  : linux_qmi_qmux_io_wake_lock: Err in writing wakelock=qmuxd_port_wl_0, error [1:Operation not permitted]
02-05 11:49:33.639  3848  3894 E QC-QMI  : linux_qmi_qmux_io_wake_unlock: Err in writing wakelock=qmuxd_port_wl_0, error [1:Operation not permitted]
02-05 11:49:33.647  5115  6543 I WifiService: getConnectionInfo uid=1000
02-05 11:49:33.656  5115  6535 D RecurrenceRule: Resolving using anchor 2019-02-05T11:49:33.655-08:00[America/Los_Angeles]
02-05 11:49:33.660  5115  6535 D RecurrenceRule: Resolving using anchor 2019-02-05T11:49:33.660-08:00[America/Los_Angeles]
02-05 11:49:33.663  5115  6535 D RecurrenceRule: Cycle 13 from 2019-02-01T00:00-08:00[America/Los_Angeles] to 2019-03-01T00:00-08:00[America/Los_Angeles]
02-05 11:49:33.663  5115  6535 D NetworkStats: Resolving plan for NetworkTemplate: matchRule=MOBILE_ALL, subscriberId=310410..., matchSubscriberIds=[310410...]
02-05 11:49:33.666  5115  6535 D NetworkStats: Found active matching subId 1
02-05 11:49:33.673  5115  6543 I WifiService: getConnectionInfo uid=1000
02-05 11:49:33.676 24731 28707 I zygote64: Note: end time exceeds INT32_MAX: 9223372035
02-05 11:49:33.677  5115  6535 D NetworkStats: Resolved to plan null
02-05 11:49:33.678  5115  6581 I GnssLocationProvider: WakeLock acquired by sendMessage(UPDATE_NETWORK_STATE, 0, 286)
02-05 11:49:33.682  5115  6543 D ConnectivityService: Reaping NetworkAgentInfo [MOBILE (LTE) - 286]
02-05 11:49:33.682  5115  6581 I WifiService: getConnectionInfo uid=1000
02-05 11:49:33.682  5115  5587 D NetworkMonitor/NetworkAgentInfo [MOBILE (LTE) - 286]: PROBE_DNS www.google.com 3ms FAIL
02-05 11:49:33.683  6887  7054 D DcNetworkAgent: NetworkAgent: NetworkAgent channel lost
02-05 11:49:33.683  6887  7054 D DcNetworkAgent: NetworkAgent: DcNetworkAgent: unwanted found mNetworkAgent=null, which isn't me.  Aborting unwanted
02-05 11:49:33.684  5115  6357 I GnssLocationProvider: WakeLock released by handleMessage(UPDATE_NETWORK_STATE, 0, 286)
02-05 11:49:33.684  5115  6543 D ConnectivityService: NetworkAgentInfo [MOBILE (LTE) - 286] got DISCONNECTED, was satisfying 13
02-05 11:49:33.684  5115  5588 D NetworkMonitor/NetworkAgentInfo [MOBILE (LTE) - 286]: PROBE_DNS connectivitycheck.gstatic.com 6ms FAIL
02-05 11:49:33.685  5115  5587 D NetworkMonitor/NetworkAgentInfo [MOBILE (LTE) - 286]: PROBE_HTTPS https://www.google.com/generate_204 Probe failed with exception java.net.UnknownHostException: Unable to resolve host "www.google.com": No address associated with hostname
02-05 11:49:33.687  5115  5588 D NetworkMonitor/NetworkAgentInfo [MOBILE (LTE) - 286]: PROBE_HTTP http://connectivitycheck.gstatic.com/generate_204 Probe failed with exception java.net.UnknownHostException: Unable to resolve host "connectivitycheck.gstatic.com": No address associated with hostname
02-05 11:49:33.690  5115  5552 D NetworkMonitor/NetworkAgentInfo [MOBILE (LTE) - 286]: PROBE_FALLBACK http://www.google.com/gen_204 Probe failed with exception java.net.UnknownHostException: Unable to resolve host "www.google.com": No address associated with hostname
02-05 11:49:33.691  5115  6535 D RecurrenceRule: Resolving using anchor 2019-02-05T11:49:33.691-08:00[America/Los_Angeles]
02-05 11:49:33.694  5115  6535 D RecurrenceRule: Resolving using anchor 2019-02-05T11:49:33.694-08:00[America/Los_Angeles]
02-05 11:49:33.698  5115  6535 D RecurrenceRule: Cycle 13 from 2019-02-01T00:00-08:00[America/Los_Angeles] to 2019-03-01T00:00-08:00[America/Los_Angeles]
02-05 11:49:33.698  5115  6535 D NetworkStats: Resolving plan for NetworkTemplate: matchRule=MOBILE_ALL, subscriberId=310410..., matchSubscriberIds=[310410...]
02-05 11:49:33.700  5115  6535 D NetworkStats: Found active matching subId 1
02-05 11:49:33.701  3848  3894 E QC-QMI  : linux_qmi_qmux_io_wake_lock: Err in writing wakelock=qmuxd_port_wl_0, error [1:Operation not permitted]
02-05 11:49:33.701  3848  3894 E QC-QMI  : linux_qmi_qmux_io_wake_unlock: Err in writing wakelock=qmuxd_port_wl_0, error [1:Operation not permitted]
02-05 11:49:33.705  5115  6543 I WifiService: getConnectionInfo uid=1000
02-05 11:49:33.706  5115  6358 W BroadcastQueue: Background execution not allowed: receiving Intent { act=android.net.conn.NETWORK_CONDITIONS_MEASURED flg=0x10 (has extras) } to com.google.android.gms/.chimera.GmsIntentOperationService$PersistentTrustedReceiver
02-05 11:49:33.706  5115  6581 I GnssLocationProvider: WakeLock acquired by sendMessage(UPDATE_NETWORK_STATE, 0, 286)
02-05 11:49:33.707  5115  6535 D NetworkStats: Resolved to plan null
02-05 11:49:33.712  5115  6357 I GnssLocationProvider: WakeLock released by handleMessage(UPDATE_NETWORK_STATE, 0, 286)
02-05 11:49:33.711  4055  4055 W Binder:3891_2: type=1400 audit(0.0:54762): avc: denied { fsetid } for capability=4 scontext=u:r:netd:s0 tcontext=u:r:netd:s0 tclass=capability permissive=0
02-05 11:49:33.711  4055  4055 W Binder:3891_2: type=1400 audit(0.0:54763): avc: denied { fsetid } for capability=4 scontext=u:r:netd:s0 tcontext=u:r:netd:s0 tclass=capability permissive=0
02-05 11:49:33.734  5115  6535 D RecurrenceRule: Resolving using anchor 2019-02-05T11:49:33.734-08:00[America/Los_Angeles]
02-05 11:49:33.737  5115  6535 D RecurrenceRule: Resolving using anchor 2019-02-05T11:49:33.737-08:00[America/Los_Angeles]
02-05 11:49:33.741  5115  6535 D RecurrenceRule: Cycle 13 from 2019-02-01T00:00-08:00[America/Los_Angeles] to 2019-03-01T00:00-08:00[America/Los_Angeles]
02-05 11:49:33.741  5115  6535 D NetworkStats: Resolving plan for NetworkTemplate: matchRule=MOBILE_ALL, subscriberId=310410..., matchSubscriberIds=[310410...]
02-05 11:49:33.743  5115  6535 D NetworkStats: Found active matching subId 1
02-05 11:49:33.749  5115  6535 D NetworkStats: Resolved to plan null
02-05 11:49:33.763 24731 24741 I zygote64: Background concurrent copying GC freed 115476(5MB) AllocSpace objects, 13(692KB) LOS objects, 49% free, 6MB/12MB, paused 192us total 117.328ms
02-05 11:49:33.787  3848  3894 E QC-QMI  : linux_qmi_qmux_io_wake_lock: Err in writing wakelock=qmuxd_port_wl_0, error [1:Operation not permitted]
02-05 11:49:33.787  3848  3894 E QC-QMI  : linux_qmi_qmux_io_wake_unlock: Err in writing wakelock=qmuxd_port_wl_0, error [1:Operation not permitted]
02-05 11:49:33.790  3848  3894 E QC-QMI  : linux_qmi_qmux_io_wake_lock: Err in writing wakelock=qmuxd_port_wl_0, error [1:Operation not permitted]
02-05 11:49:33.790  3848  3894 E QC-QMI  : linux_qmi_qmux_io_wake_unlock: Err in writing wakelock=qmuxd_port_wl_0, error [1:Operation not permitted]
02-05 11:49:33.793  3848  3894 E QC-QMI  : linux_qmi_qmux_io_wake_lock: Err in writing wakelock=qmuxd_port_wl_0, error [1:Operation not permitted]
02-05 11:49:33.793  3848  3894 E QC-QMI  : linux_qmi_qmux_io_wake_unlock: Err in writing wakelock=qmuxd_port_wl_0, error [1:Operation not permitted]
02-05 11:49:33.798  3848  3894 E QC-QMI  : linux_qmi_qmux_io_wake_lock: Err in writing wakelock=qmuxd_port_wl_0, error [1:Operation not permitted]
02-05 11:49:33.798  3848  3894 E QC-QMI  : linux_qmi_qmux_io_wake_unlock: Err in writing wakelock=qmuxd_port_wl_0, error [1:Operation not permitted]
02-05 11:49:33.801  5115  6358 W BroadcastQueue: Permission Denial: broadcasting Intent { act=android.intent.action.ANY_DATA_STATE flg=0x10 (has extras) } from android (pid=6887, uid=1001) is not exported from uid 10151 due to receiver com.tencent.qqpim/.apps.startreceiver.QQPimAllStartUpReceiver
02-05 11:49:33.801  3848  3894 E QC-QMI  : linux_qmi_qmux_io_wake_lock: Err in writing wakelock=qmuxd_port_wl_0, error [1:Operation not permitted]
02-05 11:49:33.802  3848  3894 E QC-QMI  : linux_qmi_qmux_io_wake_unlock: Err in writing wakelock=qmuxd_port_wl_0, error [1:Operation not permitted]
02-05 11:49:33.814  3848  3894 E QC-QMI  : linux_qmi_qmux_io_wake_lock: Err in writing wakelock=qmuxd_port_wl_0, error [1:Operation not permitted]
02-05 11:49:33.814  3848  3894 E QC-QMI  : linux_qmi_qmux_io_wake_unlock: Err in writing wakelock=qmuxd_port_wl_0, error [1:Operation not permitted]
02-05 11:49:33.817  3848  3894 E QC-QMI  : linux_qmi_qmux_io_wake_lock: Err in writing wakelock=qmuxd_port_wl_0, error [1:Operation not permitted]
02-05 11:49:33.817  3848  3894 E QC-QMI  : linux_qmi_qmux_io_wake_unlock: Err in writing wakelock=qmuxd_port_wl_0, error [1:Operation not permitted]
02-05 11:49:33.849  5143  5375 D vip     : [UserTask #1] vipString = {"reason":"user not login","errorCode":2100,"success":false}
02-05 11:49:33.946  5078  5367 D EventBus: No subscribers registered for event class com.youdao.dict.event.VipState
02-05 11:49:33.946  5078  5367 D EventBus: No subscribers registered for event class org.greenrobot.eventbus.NoSubscriberEvent
02-05 11:49:34.062  5143  5375 W zygote  : Verification of void org.greenrobot.eventbus.EventBus.postToSubscription(org.greenrobot.eventbus.Subscription, java.lang.Object, boolean) took 210.781ms
02-05 11:49:34.217  5229  5434 D WordbookDataStore: [UserTask #2] ReviewPlanDataBaseOperator getAllNoteInReviewPlan=2053
02-05 11:49:34.249  5143  5375 W zygote  : Verification of org.greenrobot.eventbus.EventBusBuilder org.greenrobot.eventbus.EventBusBuilder.addIndex(org.greenrobot.eventbus.meta.SubscriberInfoIndex) took 183.582ms
02-05 11:49:34.349  5229  5401 W zygote  : Verification of void com.squareup.okhttp.Response.<init>(com.squareup.okhttp.Response$Builder) took 116.788ms
02-05 11:49:34.479  5143  5375 W zygote  : Verification of java.util.List org.greenrobot.eventbus.SubscriberMethodFinder.getMethodsAndRelease(org.greenrobot.eventbus.SubscriberMethodFinder$FindState) took 153.686ms
02-05 11:49:34.480  5143  5375 D EventBus: No subscribers registered for event class com.youdao.dict.event.VipState
02-05 11:49:34.480  5143  5375 D EventBus: No subscribers registered for event class org.greenrobot.eventbus.NoSubscriberEvent
02-05 11:49:34.789  5115 16439 I WifiService: getConnectionInfo uid=10151
02-05 11:49:35.030  5115  6689 I ActivityManager: Process com.google.android.apps.turbo:aab (pid 29849) has died: cch+6SVC 
02-05 11:49:35.031  5115  6362 W zygote64: kill(-29849, 9) failed: No such process
02-05 11:49:35.031  5115  6362 I zygote64: Successfully killed process cgroup uid 10043 pid 29849 in 0ms
02-05 11:49:35.031  5115  6689 W ActivityManager: Scheduling restart of crashed service com.google.android.apps.turbo/.nudges.battery.BatteryChangedService in 1000ms
02-05 11:49:35.041  5115 20271 I ActivityManager: Process android.process.media (pid 32646) has died: cch+6CEM 
02-05 11:49:35.041  5115  6362 W zygote64: kill(-32646, 9) failed: No such process
02-05 11:49:35.041  5115  6362 I zygote64: Successfully killed process cgroup uid 10016 pid 32646 in 0ms
