H:\ResearchSpace\ResearchProjects\UMLx\facility-tools\FlowDroid\soot-infoflow-summaries\test\soot\jimple\infoflow\test\methodSummary\FieldToReturn.java
H:\ResearchSpace\ResearchProjects\UMLx\facility-tools\FlowDroid\soot-infoflow-summaries\test\soot\jimple\infoflow\test\methodSummary\junit\SummaryTaintWrapperTests.java
H:\ResearchSpace\ResearchProjects\UMLx\facility-tools\FlowDroid\soot-infoflow-summaries\test\soot\jimple\infoflow\test\methodSummary\Data.java
H:\ResearchSpace\ResearchProjects\UMLx\facility-tools\FlowDroid\soot-infoflow-summaries\test\soot\jimple\infoflow\test\methodSummary\GapClass.java
H:\ResearchSpace\ResearchProjects\UMLx\facility-tools\FlowDroid\soot-infoflow-summaries\test\soot\jimple\infoflow\test\methodSummary\junit\ParaToParaTests.java
H:\ResearchSpace\ResearchProjects\UMLx\facility-tools\FlowDroid\soot-infoflow-summaries\test\soot\jimple\infoflow\test\methodSummary\Data2.java
H:\ResearchSpace\ResearchProjects\UMLx\facility-tools\FlowDroid\soot-infoflow-summaries\test\soot\jimple\infoflow\test\methodSummary\FieldToPara.java
H:\ResearchSpace\ResearchProjects\UMLx\facility-tools\FlowDroid\soot-infoflow-summaries\test\soot\jimple\infoflow\test\methodSummary\Callbacks.java
H:\ResearchSpace\ResearchProjects\UMLx\facility-tools\FlowDroid\soot-infoflow-summaries\test\soot\jimple\infoflow\test\methodSummary\junit\InheritanceTests.java
H:\ResearchSpace\ResearchProjects\UMLx\facility-tools\FlowDroid\soot-infoflow-summaries\test\soot\jimple\infoflow\test\methodSummary\junit\ParaToReturnTests.java
H:\ResearchSpace\ResearchProjects\UMLx\facility-tools\FlowDroid\soot-infoflow-summaries\test\soot\jimple\infoflow\test\methodSummary\ListTestCode.java
H:\ResearchSpace\ResearchProjects\UMLx\facility-tools\FlowDroid\soot-infoflow-summaries\test\soot\jimple\infoflow\test\methodSummary\IApiClass.java
H:\ResearchSpace\ResearchProjects\UMLx\facility-tools\FlowDroid\soot-infoflow-summaries\test\soot\jimple\infoflow\test\methodSummary\UserCodeClass.java
H:\ResearchSpace\ResearchProjects\UMLx\facility-tools\FlowDroid\soot-infoflow-summaries\test\soot\jimple\infoflow\test\methodSummary\IGapClass.java
H:\ResearchSpace\ResearchProjects\UMLx\facility-tools\FlowDroid\soot-infoflow-summaries\test\soot\jimple\infoflow\test\methodSummary\ParaToReturn.java
H:\ResearchSpace\ResearchProjects\UMLx\facility-tools\FlowDroid\soot-infoflow-summaries\test\soot\jimple\infoflow\test\methodSummary\junit\WrapperListTestConfig.java
H:\ResearchSpace\ResearchProjects\UMLx\facility-tools\FlowDroid\soot-infoflow-summaries\test\soot\jimple\infoflow\test\methodSummary\junit\ArbitraryAccessPathTests.java
H:\ResearchSpace\ResearchProjects\UMLx\facility-tools\FlowDroid\soot-infoflow-summaries\test\soot\jimple\infoflow\test\methodSummary\ApiInternalClass.java
H:\ResearchSpace\ResearchProjects\UMLx\facility-tools\FlowDroid\soot-infoflow-summaries\test\soot\jimple\infoflow\test\methodSummary\ApiClass.java
H:\ResearchSpace\ResearchProjects\UMLx\facility-tools\FlowDroid\soot-infoflow-summaries\test\soot\jimple\infoflow\test\methodSummary\junit\WrapperListTests.java
H:\ResearchSpace\ResearchProjects\UMLx\facility-tools\FlowDroid\soot-infoflow-summaries\test\soot\jimple\infoflow\test\methodSummary\Pair.java
H:\ResearchSpace\ResearchProjects\UMLx\facility-tools\FlowDroid\soot-infoflow-summaries\test\soot\jimple\infoflow\test\methodSummary\junit\FieldToReturnTests.java
H:\ResearchSpace\ResearchProjects\UMLx\facility-tools\FlowDroid\soot-infoflow-summaries\test\soot\jimple\infoflow\test\methodSummary\IUserCodeClass.java
H:\ResearchSpace\ResearchProjects\UMLx\facility-tools\FlowDroid\soot-infoflow-summaries\test\soot\jimple\infoflow\test\methodSummary\InheritanceTests.java
H:\ResearchSpace\ResearchProjects\UMLx\facility-tools\FlowDroid\soot-infoflow-summaries\test\soot\jimple\infoflow\test\methodSummary\junit\ApiTests.java
H:\ResearchSpace\ResearchProjects\UMLx\facility-tools\FlowDroid\soot-infoflow-summaries\test\soot\jimple\infoflow\test\methodSummary\ContextSensitivity.java
H:\ResearchSpace\ResearchProjects\UMLx\facility-tools\FlowDroid\soot-infoflow-summaries\test\soot\jimple\infoflow\test\methodSummary\ParaToParaFlows.java
H:\ResearchSpace\ResearchProjects\UMLx\facility-tools\FlowDroid\soot-infoflow-summaries\test\soot\jimple\infoflow\test\methodSummary\junit\TaintWrapperFactory.java
H:\ResearchSpace\ResearchProjects\UMLx\facility-tools\FlowDroid\soot-infoflow-summaries\test\soot\jimple\infoflow\test\methodSummary\junit\JDKTests.java
H:\ResearchSpace\ResearchProjects\UMLx\facility-tools\FlowDroid\soot-infoflow-summaries\test\soot\jimple\infoflow\test\methodSummary\junit\ParaToFieldTests.java
H:\ResearchSpace\ResearchProjects\UMLx\facility-tools\FlowDroid\soot-infoflow-summaries\test\soot\jimple\infoflow\test\methodSummary\ApiClassClient.java
H:\ResearchSpace\ResearchProjects\UMLx\facility-tools\FlowDroid\soot-infoflow-summaries\test\soot\jimple\infoflow\test\methodSummary\ParaToField.java
H:\ResearchSpace\ResearchProjects\UMLx\facility-tools\FlowDroid\soot-infoflow-summaries\test\soot\jimple\infoflow\test\methodSummary\TestCollection.java
H:\ResearchSpace\ResearchProjects\UMLx\facility-tools\FlowDroid\soot-infoflow-summaries\test\soot\jimple\infoflow\test\methodSummary\junit\ContextSensitivityTests.java
H:\ResearchSpace\ResearchProjects\UMLx\facility-tools\FlowDroid\soot-infoflow-summaries\test\soot\jimple\infoflow\test\methodSummary\junit\DataClassTests.java
H:\ResearchSpace\ResearchProjects\UMLx\facility-tools\FlowDroid\soot-infoflow-summaries\test\soot\jimple\infoflow\test\methodSummary\junit\JUnitTests.java
H:\ResearchSpace\ResearchProjects\UMLx\facility-tools\FlowDroid\soot-infoflow-summaries\test\soot\jimple\infoflow\test\methodSummary\ArbitraryAccessPath.java
H:\ResearchSpace\ResearchProjects\UMLx\facility-tools\FlowDroid\soot-infoflow-summaries\test\soot\jimple\infoflow\test\methodSummary\junit\CallbackTests.java
H:\ResearchSpace\ResearchProjects\UMLx\facility-tools\FlowDroid\soot-infoflow-summaries\test\soot\jimple\infoflow\test\methodSummary\junit\ApiTestHelper.java
H:\ResearchSpace\ResearchProjects\UMLx\facility-tools\FlowDroid\soot-infoflow-summaries\test\soot\jimple\infoflow\test\methodSummary\junit\FieldToParaTests.java
H:\ResearchSpace\ResearchProjects\UMLx\facility-tools\FlowDroid\soot-infoflow-summaries\test\soot\jimple\infoflow\test\methodSummary\junit\TestHelper.java
