H:\ResearchSpace\ResearchProjects\UMLx\facility-tools\FlowDroid\soot-infoflow-summaries\src\soot\jimple\infoflow\methodSummary\data\provider\XMLSummaryProvider.java
H:\ResearchSpace\ResearchProjects\UMLx\facility-tools\FlowDroid\soot-infoflow-summaries\src\soot\jimple\infoflow\methodSummary\data\summary\MethodFlow.java
H:\ResearchSpace\ResearchProjects\UMLx\facility-tools\FlowDroid\soot-infoflow-summaries\src\soot\jimple\infoflow\methodSummary\generator\IClassSummaryHandler.java
H:\ResearchSpace\ResearchProjects\UMLx\facility-tools\FlowDroid\soot-infoflow-summaries\src\soot\jimple\infoflow\methodSummary\data\summary\MethodSummaries.java
H:\ResearchSpace\ResearchProjects\UMLx\facility-tools\FlowDroid\soot-infoflow-summaries\src\soot\jimple\infoflow\methodSummary\data\provider\MemorySummaryProvider.java
H:\ResearchSpace\ResearchProjects\UMLx\facility-tools\FlowDroid\soot-infoflow-summaries\src\soot\jimple\infoflow\methodSummary\postProcessor\SummaryPathBuilder.java
H:\ResearchSpace\ResearchProjects\UMLx\facility-tools\FlowDroid\soot-infoflow-summaries\src\soot\jimple\infoflow\methodSummary\util\AliasUtils.java
H:\ResearchSpace\ResearchProjects\UMLx\facility-tools\FlowDroid\soot-infoflow-summaries\src\soot\jimple\infoflow\methodSummary\data\provider\IMethodSummaryProvider.java
H:\ResearchSpace\ResearchProjects\UMLx\facility-tools\FlowDroid\soot-infoflow-summaries\src\soot\jimple\infoflow\methodSummary\generator\SummaryGeneratorConfiguration.java
H:\ResearchSpace\ResearchProjects\UMLx\facility-tools\FlowDroid\soot-infoflow-summaries\src\soot\jimple\infoflow\methodSummary\generator\SummaryGenerationTaintWrapper.java
H:\ResearchSpace\ResearchProjects\UMLx\facility-tools\FlowDroid\soot-infoflow-summaries\src\soot\jimple\infoflow\methodSummary\postProcessor\SummarySourceContextAndPath.java
H:\ResearchSpace\ResearchProjects\UMLx\facility-tools\FlowDroid\soot-infoflow-summaries\src\soot\jimple\infoflow\methodSummary\taintWrappers\SummaryTaintWrapper.java
H:\ResearchSpace\ResearchProjects\UMLx\facility-tools\FlowDroid\soot-infoflow-summaries\src\soot\jimple\infoflow\methodSummary\Main.java
H:\ResearchSpace\ResearchProjects\UMLx\facility-tools\FlowDroid\soot-infoflow-summaries\src\soot\jimple\infoflow\methodSummary\taintWrappers\AccessPathPropagator.java
H:\ResearchSpace\ResearchProjects\UMLx\facility-tools\FlowDroid\soot-infoflow-summaries\src\soot\jimple\infoflow\methodSummary\data\summary\ClassSummaries.java
H:\ResearchSpace\ResearchProjects\UMLx\facility-tools\FlowDroid\soot-infoflow-summaries\src\soot\jimple\infoflow\methodSummary\generator\SummaryInfoflow.java
H:\ResearchSpace\ResearchProjects\UMLx\facility-tools\FlowDroid\soot-infoflow-summaries\src\soot\jimple\infoflow\methodSummary\xml\XMLReader.java
H:\ResearchSpace\ResearchProjects\UMLx\facility-tools\FlowDroid\soot-infoflow-summaries\src\soot\jimple\infoflow\methodSummary\data\provider\EagerSummaryProvider.java
H:\ResearchSpace\ResearchProjects\UMLx\facility-tools\FlowDroid\soot-infoflow-summaries\src\soot\jimple\infoflow\methodSummary\handler\SummaryTaintPropagationHandler.java
H:\ResearchSpace\ResearchProjects\UMLx\facility-tools\FlowDroid\soot-infoflow-summaries\src\soot\jimple\infoflow\methodSummary\postProcessor\InvalidPathBuilderStateException.java
H:\ResearchSpace\ResearchProjects\UMLx\facility-tools\FlowDroid\soot-infoflow-summaries\src\soot\jimple\infoflow\methodSummary\taintWrappers\Taint.java
H:\ResearchSpace\ResearchProjects\UMLx\facility-tools\FlowDroid\soot-infoflow-summaries\src\soot\jimple\infoflow\methodSummary\xml\XMLConstants.java
H:\ResearchSpace\ResearchProjects\UMLx\facility-tools\FlowDroid\soot-infoflow-summaries\src\soot\jimple\infoflow\methodSummary\data\provider\LazySummaryProvider.java
H:\ResearchSpace\ResearchProjects\UMLx\facility-tools\FlowDroid\soot-infoflow-summaries\src\soot\jimple\infoflow\methodSummary\generator\SummaryNativeCallHandler.java
H:\ResearchSpace\ResearchProjects\UMLx\facility-tools\FlowDroid\soot-infoflow-summaries\src\soot\jimple\infoflow\methodSummary\data\sourceSink\FlowSource.java
H:\ResearchSpace\ResearchProjects\UMLx\facility-tools\FlowDroid\soot-infoflow-summaries\src\soot\jimple\infoflow\methodSummary\generator\SummaryGenerator.java
H:\ResearchSpace\ResearchProjects\UMLx\facility-tools\FlowDroid\soot-infoflow-summaries\src\soot\jimple\infoflow\methodSummary\xml\SummaryXMLException.java
H:\ResearchSpace\ResearchProjects\UMLx\facility-tools\FlowDroid\soot-infoflow-summaries\src\soot\jimple\infoflow\methodSummary\data\summary\MethodClear.java
H:\ResearchSpace\ResearchProjects\UMLx\facility-tools\FlowDroid\soot-infoflow-summaries\src\soot\jimple\infoflow\methodSummary\data\summary\ClassMethodSummaries.java
H:\ResearchSpace\ResearchProjects\UMLx\facility-tools\FlowDroid\soot-infoflow-summaries\src\soot\jimple\infoflow\methodSummary\source\SummarySourceSinkManager.java
H:\ResearchSpace\ResearchProjects\UMLx\facility-tools\FlowDroid\soot-infoflow-summaries\src\soot\jimple\infoflow\methodSummary\DefaultSummaryConfig.java
H:\ResearchSpace\ResearchProjects\UMLx\facility-tools\FlowDroid\soot-infoflow-summaries\src\soot\jimple\infoflow\methodSummary\taintWrappers\TaintWrapperFactory.java
H:\ResearchSpace\ResearchProjects\UMLx\facility-tools\FlowDroid\soot-infoflow-summaries\src\soot\jimple\infoflow\methodSummary\data\sourceSink\FlowClear.java
H:\ResearchSpace\ResearchProjects\UMLx\facility-tools\FlowDroid\soot-infoflow-summaries\src\soot\jimple\infoflow\methodSummary\postProcessor\SummaryFlowCompactor.java
H:\ResearchSpace\ResearchProjects\UMLx\facility-tools\FlowDroid\soot-infoflow-summaries\src\soot\jimple\infoflow\methodSummary\xml\MetaDataReader.java
H:\ResearchSpace\ResearchProjects\UMLx\facility-tools\FlowDroid\soot-infoflow-summaries\src\soot\jimple\infoflow\methodSummary\data\summary\SummaryMetaData.java
H:\ResearchSpace\ResearchProjects\UMLx\facility-tools\FlowDroid\soot-infoflow-summaries\src\soot\jimple\infoflow\methodSummary\xml\SummaryReader.java
H:\ResearchSpace\ResearchProjects\UMLx\facility-tools\FlowDroid\soot-infoflow-summaries\src\soot\jimple\infoflow\methodSummary\postProcessor\InfoflowResultPostProcessor.java
H:\ResearchSpace\ResearchProjects\UMLx\facility-tools\FlowDroid\soot-infoflow-summaries\src\soot\jimple\infoflow\methodSummary\data\provider\MergingSummaryProvider.java
H:\ResearchSpace\ResearchProjects\UMLx\facility-tools\FlowDroid\soot-infoflow-summaries\src\soot\jimple\infoflow\methodSummary\xml\SummaryWriter.java
H:\ResearchSpace\ResearchProjects\UMLx\facility-tools\FlowDroid\soot-infoflow-summaries\src\soot\jimple\infoflow\methodSummary\data\sourceSink\FlowSink.java
H:\ResearchSpace\ResearchProjects\UMLx\facility-tools\FlowDroid\soot-infoflow-summaries\src\soot\jimple\infoflow\methodSummary\generator\GapManager.java
H:\ResearchSpace\ResearchProjects\UMLx\facility-tools\FlowDroid\soot-infoflow-summaries\src\soot\jimple\infoflow\methodSummary\xml\XMLWriter.java
H:\ResearchSpace\ResearchProjects\UMLx\facility-tools\FlowDroid\soot-infoflow-summaries\src\soot\jimple\infoflow\methodSummary\generator\SummaryGeneratorFactory.java
H:\ResearchSpace\ResearchProjects\UMLx\facility-tools\FlowDroid\soot-infoflow-summaries\src\soot\jimple\infoflow\methodSummary\data\summary\ImmutableClassSummaries.java
H:\ResearchSpace\ResearchProjects\UMLx\facility-tools\FlowDroid\soot-infoflow-summaries\src\soot\jimple\infoflow\methodSummary\data\summary\ImmutableMethodSummaries.java
H:\ResearchSpace\ResearchProjects\UMLx\facility-tools\FlowDroid\soot-infoflow-summaries\src\soot\jimple\infoflow\methodSummary\postProcessor\SummaryPathBuilderContext.java
H:\ResearchSpace\ResearchProjects\UMLx\facility-tools\FlowDroid\soot-infoflow-summaries\src\soot\jimple\infoflow\methodSummary\data\summary\SourceSinkType.java
H:\ResearchSpace\ResearchProjects\UMLx\facility-tools\FlowDroid\soot-infoflow-summaries\src\soot\jimple\infoflow\methodSummary\taintWrappers\ReportMissingSummaryWrapper.java
H:\ResearchSpace\ResearchProjects\UMLx\facility-tools\FlowDroid\soot-infoflow-summaries\src\soot\jimple\infoflow\methodSummary\data\summary\GapDefinition.java
H:\ResearchSpace\ResearchProjects\UMLx\facility-tools\FlowDroid\soot-infoflow-summaries\src\soot\jimple\infoflow\methodSummary\data\factory\SourceSinkFactory.java
H:\ResearchSpace\ResearchProjects\UMLx\facility-tools\FlowDroid\soot-infoflow-summaries\src\soot\jimple\infoflow\methodSummary\data\summary\AbstractMethodSummary.java
H:\ResearchSpace\ResearchProjects\UMLx\facility-tools\FlowDroid\soot-infoflow-summaries\src\soot\jimple\infoflow\methodSummary\data\sourceSink\AbstractFlowSinkSource.java
H:\ResearchSpace\ResearchProjects\UMLx\facility-tools\FlowDroid\soot-infoflow-summaries\src\soot\jimple\infoflow\methodSummary\xml\AbstractXMLReader.java
H:\ResearchSpace\ResearchProjects\UMLx\facility-tools\FlowDroid\soot-infoflow-summaries\src\soot\jimple\infoflow\methodSummary\xml\XMLMetaDataConstants.java
